Archive member included to satisfy reference by file (symbol)

app/libapp.a(main.c.obj)      (--whole-archive)
zephyr/libzephyr.a(cbprintf.c.obj)
                              (--whole-archive)
zephyr/libzephyr.a(cbprintf_packaged.c.obj)
                              (--whole-archive)
zephyr/libzephyr.a(crc32c_sw.c.obj)
                              (--whole-archive)
zephyr/libzephyr.a(crc32_sw.c.obj)
                              (--whole-archive)
zephyr/libzephyr.a(crc16_sw.c.obj)
                              (--whole-archive)
zephyr/libzephyr.a(crc8_sw.c.obj)
                              (--whole-archive)
zephyr/libzephyr.a(crc7_sw.c.obj)
                              (--whole-archive)
zephyr/libzephyr.a(dec.c.obj)
                              (--whole-archive)
zephyr/libzephyr.a(fdtable.c.obj)
                              (--whole-archive)
zephyr/libzephyr.a(hex.c.obj)
                              (--whole-archive)
zephyr/libzephyr.a(notify.c.obj)
                              (--whole-archive)
zephyr/libzephyr.a(printk.c.obj)
                              (--whole-archive)
zephyr/libzephyr.a(onoff.c.obj)
                              (--whole-archive)
zephyr/libzephyr.a(rb.c.obj)  (--whole-archive)
zephyr/libzephyr.a(sem.c.obj)
                              (--whole-archive)
zephyr/libzephyr.a(thread_entry.c.obj)
                              (--whole-archive)
zephyr/libzephyr.a(timeutil.c.obj)
                              (--whole-archive)
zephyr/libzephyr.a(heap.c.obj)
                              (--whole-archive)
zephyr/libzephyr.a(heap-validate.c.obj)
                              (--whole-archive)
zephyr/libzephyr.a(bitarray.c.obj)
                              (--whole-archive)
zephyr/libzephyr.a(multi_heap.c.obj)
                              (--whole-archive)
zephyr/libzephyr.a(cbprintf_complete.c.obj)
                              (--whole-archive)
zephyr/libzephyr.a(assert.c.obj)
                              (--whole-archive)
zephyr/libzephyr.a(mpsc_pbuf.c.obj)
                              (--whole-archive)
zephyr/libzephyr.a(reboot.c.obj)
                              (--whole-archive)
zephyr/libzephyr.a(configs.c.obj)
                              (--whole-archive)
zephyr/libzephyr.a(soc_nrf_common.S.obj)
                              (--whole-archive)
zephyr/libzephyr.a(validate_base_addresses.c.obj)
                              (--whole-archive)
zephyr/libzephyr.a(validate_enabled_instances.c.obj)
                              (--whole-archive)
zephyr/libzephyr.a(log_list.c.obj)
                              (--whole-archive)
zephyr/libzephyr.a(log_core.c.obj)
                              (--whole-archive)
zephyr/libzephyr.a(log_mgmt.c.obj)
                              (--whole-archive)
zephyr/libzephyr.a(log_msg.c.obj)
                              (--whole-archive)
zephyr/libzephyr.a(log_output.c.obj)
                              (--whole-archive)
zephyr/libzephyr.a(log_msg2.c.obj)
                              (--whole-archive)
zephyr/libzephyr.a(log_backend_uart.c.obj)
                              (--whole-archive)
zephyr/libzephyr.a(log_backend_rtt.c.obj)
                              (--whole-archive)
zephyr/libzephyr.a(pm.c.obj)  (--whole-archive)
zephyr/libzephyr.a(policy.c.obj)
                              (--whole-archive)
zephyr/libzephyr.a(state.c.obj)
                              (--whole-archive)
zephyr/libzephyr.a(tracing_none.c.obj)
                              (--whole-archive)
zephyr/libzephyr.a(nrf_cc3xx_platform_abort_zephyr.c.obj)
                              (--whole-archive)
zephyr/libzephyr.a(nrf_cc3xx_platform_mutex_zephyr.c.obj)
                              (--whole-archive)
zephyr/arch/common/libarch__common.a(sw_isr_common.c.obj)
                              (--whole-archive)
zephyr/arch/arch/arm/core/aarch32/libarch__arm__core__aarch32.a(cpu_idle.S.obj)
                              (--whole-archive)
zephyr/arch/arch/arm/core/aarch32/libarch__arm__core__aarch32.a(fatal.c.obj)
                              (--whole-archive)
zephyr/arch/arch/arm/core/aarch32/libarch__arm__core__aarch32.a(irq_manage.c.obj)
                              (--whole-archive)
zephyr/arch/arch/arm/core/aarch32/libarch__arm__core__aarch32.a(nmi.c.obj)
                              (--whole-archive)
zephyr/arch/arch/arm/core/aarch32/libarch__arm__core__aarch32.a(nmi_on_reset.S.obj)
                              (--whole-archive)
zephyr/arch/arch/arm/core/aarch32/libarch__arm__core__aarch32.a(prep_c.c.obj)
                              (--whole-archive)
zephyr/arch/arch/arm/core/aarch32/libarch__arm__core__aarch32.a(swap.c.obj)
                              (--whole-archive)
zephyr/arch/arch/arm/core/aarch32/libarch__arm__core__aarch32.a(swap_helper.S.obj)
                              (--whole-archive)
zephyr/arch/arch/arm/core/aarch32/libarch__arm__core__aarch32.a(thread.c.obj)
                              (--whole-archive)
[...]
Memory Configuration

Name             Origin             Length             Attributes
FLASH            0x0000000000000000 0x0000000000100000 xr
SRAM             0x0000000020000000 0x0000000000040000 xw
IDT_LIST         0x00000000fffff7ff 0x0000000000000800 xw
*default*        0x0000000000000000 0xffffffffffffffff

Linker script and memory map

LOAD zephyr/CMakeFiles/zephyr_pre0.dir/misc/empty_file.c.obj
LOAD zephyr/CMakeFiles/offsets.dir/./arch/arm/core/offsets/offsets.c.obj
                0x0000000000000020                _region_min_align = 0x20

.rel.plt        0x0000000000000000        0x0
 *(SORT_BY_ALIGNMENT(.rel.plt))
                [!provide]                        PROVIDE (__rel_iplt_start = .)
 *(SORT_BY_ALIGNMENT(.rel.iplt))
 .rel.iplt      0x0000000000000000        0x0 app/libapp.a(main.c.obj)
                [!provide]                        PROVIDE (__rel_iplt_end = .)

.rela.plt       0x0000000000000000        0x0
 *(SORT_BY_ALIGNMENT(.rela.plt))
                [!provide]                        PROVIDE (__rela_iplt_start = .)
 *(SORT_BY_ALIGNMENT(.rela.iplt))
                [!provide]                        PROVIDE (__rela_iplt_end = .)

.rel.dyn
 *(SORT_BY_ALIGNMENT(.rel.*))

.rela.dyn
 *(SORT_BY_ALIGNMENT(.rela.*))

/DISCARD/
 *(SORT_BY_ALIGNMENT(.plt))
 *(SORT_BY_ALIGNMENT(.iplt))
 *(SORT_BY_ALIGNMENT(.got.plt))
 *(SORT_BY_ALIGNMENT(.igot.plt))
 *(SORT_BY_ALIGNMENT(.got))
 *(SORT_BY_ALIGNMENT(.igot))
 *(SORT_BY_ALIGNMENT(.note.GNU-stack))
                0x0000000000000000                __rom_region_start = 0x0

rom_start       0x0000000000000000      0x100
                0x0000000000000000                . = 0x0
                0x0000000000000000                . = ALIGN (0x4)
                0x0000000000000000                . = ALIGN (0x80)
                0x0000000000000000                . = ALIGN (0x100)
                0x0000000000000000                _vector_start = .
 *(SORT_BY_ALIGNMENT(.exc_vector_table))
 *(SORT_BY_ALIGNMENT(.exc_vector_table.*))
 .exc_vector_table._vector_table_section
                0x0000000000000000       0x40 zephyr/arch/arch/arm/core/aarch32/cortex_m/libarch__arm__core__aarch32__cortex_m.a(vector_table.S.obj)
                0x0000000000000000                _vector_table
 *(SORT_BY_ALIGNMENT(.gnu.linkonce.irq_vector_table*))
 .gnu.linkonce.irq_vector_table
                0x0000000000000040       0xc0 zephyr/arch/common/libisr_tables.a(isr_tables.c.obj)
                0x0000000000000040                _irq_vector_table
 *(SORT_BY_ALIGNMENT(.vectors))
                0x0000000000000100                _vector_end = .

text            0x0000000000000100     0x8d4c
                0x0000000000000100                __text_region_start = .
 *(SORT_BY_ALIGNMENT(.text))
 .text          0x0000000000000100       0x30 /home/rt/zephyr-sdk-0.14.1/arm-zephyr-eabi/bin/../lib/gcc/arm-zephyr-eabi/10.3.0/thumb/v7e-m/nofp/libgcc.a(_aeabi_uldivmod.o)
                0x0000000000000100                __aeabi_uldivmod
 .text          0x0000000000000130        0x4 /home/rt/zephyr-sdk-0.14.1/arm-zephyr-eabi/bin/../lib/gcc/arm-zephyr-eabi/10.3.0/thumb/v7e-m/nofp/libgcc.a(_dvmd_tls.o)
                0x0000000000000130                __aeabi_ldiv0
                0x0000000000000130                __aeabi_idiv0
 .text          0x0000000000000134      0x2a6 /home/rt/zephyr-sdk-0.14.1/arm-zephyr-eabi/bin/../lib/gcc/arm-zephyr-eabi/10.3.0/thumb/v7e-m/nofp/libgcc.a(_udivmoddi4.o)
                0x0000000000000134                __udivmoddi4
 *(SORT_BY_ALIGNMENT(.text.*))
 *fill*         0x00000000000003da        0x2 
 .text.main     0x00000000000003dc       0x60 app/libapp.a(main.c.obj)
                0x00000000000003dc                main
 .text.thread_A_code
                0x000000000000043c       0x58 app/libapp.a(main.c.obj)
                0x000000000000043c                thread_A_code
 .text.cbvprintf_package
                0x0000000000000494      0x4f4 zephyr/libzephyr.a(cbprintf_packaged.c.obj)
                0x0000000000000494                cbvprintf_package
 .text.sys_notify_finalize
                0x0000000000000988       0x40 zephyr/libzephyr.a(notify.c.obj)
                0x0000000000000988                sys_notify_finalize
 .text.__printk_hook_install
                0x00000000000009c8        0xc zephyr/libzephyr.a(printk.c.obj)
                0x00000000000009c8                __printk_hook_install
 .text.process_event
                0x00000000000009d4      0x3dc zephyr/libzephyr.a(onoff.c.obj)
 .text.transition_complete
                0x0000000000000db0       0x64 zephyr/libzephyr.a(onoff.c.obj)
 .text.onoff_request
                0x0000000000000e14      0x130 zephyr/libzephyr.a(onoff.c.obj)
                0x0000000000000e14                onoff_request
 .text.sys_heap_init
                0x0000000000000f44      0x12c zephyr/libzephyr.a(heap.c.obj)
                0x0000000000000f44                sys_heap_init
 .text.cbvprintf
                0x0000000000001070      0x784 zephyr/libzephyr.a(cbprintf_complete.c.obj)
                0x0000000000001070                cbvprintf
 .text.sys_reboot
                0x00000000000017f4       0x28 zephyr/libzephyr.a(reboot.c.obj)
                0x00000000000017f4                sys_reboot
 .text.msg_process
                0x000000000000181c       0x68 zephyr/libzephyr.a(log_core.c.obj)
 .text.log_format_func_t_get
                0x0000000000001884        0xc zephyr/libzephyr.a(log_core.c.obj)
                0x0000000000001884                log_format_func_t_get
 .text.log_core_init
                0x0000000000001890       0x28 zephyr/libzephyr.a(log_core.c.obj)
                0x0000000000001890                log_core_init
 .text.log_init
                0x00000000000018b8       0x80 zephyr/libzephyr.a(log_core.c.obj)
                0x00000000000018b8                log_init
 .text.z_impl_log_panic
                0x0000000000001938       0x40 zephyr/libzephyr.a(log_core.c.obj)
                0x0000000000001938                z_impl_log_panic
 .text.z_log_notify_backend_enabled
                0x0000000000001978        0xc zephyr/libzephyr.a(log_core.c.obj)
                0x0000000000001978                z_log_notify_backend_enabled
 .text.z_log_dropped
                0x0000000000001984       0x3c zephyr/libzephyr.a(log_core.c.obj)
                0x0000000000001984                z_log_dropped
 .text.z_log_msg2_commit
                0x00000000000019c0       0x1c zephyr/libzephyr.a(log_core.c.obj)
                0x00000000000019c0                z_log_msg2_commit
 .text.log_source_name_get
                0x00000000000019dc       0x1c zephyr/libzephyr.a(log_mgmt.c.obj)
                0x00000000000019dc                log_source_name_get
 .text.log_backend_enable
                0x00000000000019f8       0x54 zephyr/libzephyr.a(log_mgmt.c.obj)
                0x00000000000019f8                log_backend_enable
 .text.print_formatted
                0x0000000000001a4c       0x24 zephyr/libzephyr.a(log_output.c.obj)
 .text.prefix_print
                0x0000000000001a70      0x148 zephyr/libzephyr.a(log_output.c.obj)
 .text.hexdump_line_print
                0x0000000000001bb8       0xdc zephyr/libzephyr.a(log_output.c.obj)
 .text.postfix_print
                0x0000000000001c94       0x3c zephyr/libzephyr.a(log_output.c.obj)
 .text.log_output_msg2_process
                0x0000000000001cd0       0xf0 zephyr/libzephyr.a(log_output.c.obj)
                0x0000000000001cd0                log_output_msg2_process
 .text.log_output_timestamp_freq_set
                0x0000000000001dc0       0x30 zephyr/libzephyr.a(log_output.c.obj)
                0x0000000000001dc0                log_output_timestamp_freq_set
 .text.z_impl_z_log_msg2_runtime_vcreate
                0x0000000000001df0       0xd0 zephyr/libzephyr.a(log_msg2.c.obj)
                0x0000000000001df0                z_impl_z_log_msg2_runtime_vcreate
 .text.char_out
                0x0000000000001ec0       0x24 zephyr/libzephyr.a(log_backend_uart.c.obj)
 .text.format_set
                0x0000000000001ee4        0xc zephyr/libzephyr.a(log_backend_uart.c.obj)
 .text.panic    0x0000000000001ef0       0x14 zephyr/libzephyr.a(log_backend_uart.c.obj)
 .text.process  0x0000000000001f04       0x24 zephyr/libzephyr.a(log_backend_uart.c.obj)
 .text.log_backend_uart_init
                0x0000000000001f28       0x3c zephyr/libzephyr.a(log_backend_uart.c.obj)
 .text.log_backend_rtt_init
                0x0000000000001f64        0xc zephyr/libzephyr.a(log_backend_rtt.c.obj)
 .text.format_set
                0x0000000000001f70        0xc zephyr/libzephyr.a(log_backend_rtt.c.obj)
 .text.panic    0x0000000000001f7c       0x14 zephyr/libzephyr.a(log_backend_rtt.c.obj)
 .text.process  0x0000000000001f90       0x24 zephyr/libzephyr.a(log_backend_rtt.c.obj)
 .text.data_out_block_mode
                0x0000000000001fb4       0x70 zephyr/libzephyr.a(log_backend_rtt.c.obj)
 .text.pm_state_notify
                0x0000000000002024       0xc8 zephyr/libzephyr.a(pm.c.obj)
 .text.atomic_clear_bit.constprop.0
                0x00000000000020ec       0x30 zephyr/libzephyr.a(pm.c.obj)
 .text.pm_system_resume
                0x000000000000211c       0x7c zephyr/libzephyr.a(pm.c.obj)
                0x000000000000211c                pm_system_resume
 .text.pm_system_suspend
                0x0000000000002198       0xec zephyr/libzephyr.a(pm.c.obj)
                0x0000000000002198                pm_system_suspend
 .text.pm_policy_state_lock_is_active
                0x0000000000002284       0x1c zephyr/libzephyr.a(policy.c.obj)
                0x0000000000002284                pm_policy_state_lock_is_active
 .text.pm_policy_next_state
                0x00000000000022a0       0x9c zephyr/libzephyr.a(policy.c.obj)
                0x00000000000022a0                pm_policy_next_state
 .text.pm_state_cpu_get_all
                0x000000000000233c       0x10 zephyr/libzephyr.a(state.c.obj)
                0x000000000000233c                pm_state_cpu_get_all
 .text.nrf_cc3xx_platform_abort_init
                0x000000000000234c        0xc zephyr/libzephyr.a(nrf_cc3xx_platform_abort_zephyr.c.obj)
                0x000000000000234c                nrf_cc3xx_platform_abort_init
 .text.mutex_free_platform
                0x0000000000002358       0x48 zephyr/libzephyr.a(nrf_cc3xx_platform_mutex_zephyr.c.obj)
 .text.mutex_lock_platform
                0x00000000000023a0       0x58 zephyr/libzephyr.a(nrf_cc3xx_platform_mutex_zephyr.c.obj)
 .text.mutex_unlock_platform
                0x00000000000023f8       0x4c zephyr/libzephyr.a(nrf_cc3xx_platform_mutex_zephyr.c.obj)
 .text.mutex_init_platform
                0x0000000000002444       0x70 zephyr/libzephyr.a(nrf_cc3xx_platform_mutex_zephyr.c.obj)
 .text.nrf_cc3xx_platform_mutex_init
                0x00000000000024b4       0x2c zephyr/libzephyr.a(nrf_cc3xx_platform_mutex_zephyr.c.obj)
                0x00000000000024b4                nrf_cc3xx_platform_mutex_init
 .text.z_arm_cpu_idle_init
                0x00000000000024e0        0xc zephyr/arch/arch/arm/core/aarch32/libarch__arm__core__aarch32.a(cpu_idle.S.obj)
                0x00000000000024e0                z_arm_cpu_idle_init
 .text.arch_cpu_idle
                0x00000000000024ec       0x1c zephyr/arch/arch/arm/core/aarch32/libarch__arm__core__aarch32.a(cpu_idle.S.obj)
                0x00000000000024ec                arch_cpu_idle
 .text.arch_cpu_atomic_idle
                0x0000000000002508       0x14 zephyr/arch/arch/arm/core/aarch32/libarch__arm__core__aarch32.a(cpu_idle.S.obj)
                0x0000000000002508                arch_cpu_atomic_idle
 .text.z_arm_fatal_error
                0x000000000000251c       0xa0 zephyr/arch/arch/arm/core/aarch32/libarch__arm__core__aarch32.a(fatal.c.obj)
                0x000000000000251c                z_arm_fatal_error
 .text.arch_irq_enable
                0x00000000000025bc       0x20 zephyr/arch/arch/arm/core/aarch32/libarch__arm__core__aarch32.a(irq_manage.c.obj)
                0x00000000000025bc                arch_irq_enable
 .text.arch_irq_is_enabled
                0x00000000000025dc       0x1c zephyr/arch/arch/arm/core/aarch32/libarch__arm__core__aarch32.a(irq_manage.c.obj)
                0x00000000000025dc                arch_irq_is_enabled
 .text.z_arm_irq_priority_set
                0x00000000000025f8       0x68 zephyr/arch/arch/arm/core/aarch32/libarch__arm__core__aarch32.a(irq_manage.c.obj)
                0x00000000000025f8                z_arm_irq_priority_set
 .text.z_SysNmiOnReset
                0x0000000000002660        0x8 zephyr/arch/arch/arm/core/aarch32/libarch__arm__core__aarch32.a(nmi_on_reset.S.obj)
                0x0000000000002660                z_SysNmiOnReset
 .text.z_arm_prep_c
                0x0000000000002668       0x38 zephyr/arch/arch/arm/core/aarch32/libarch__arm__core__aarch32.a(prep_c.c.obj)
                0x0000000000002668                z_arm_prep_c
 .text.arch_swap
                0x00000000000026a0       0x34 zephyr/arch/arch/arm/core/aarch32/libarch__arm__core__aarch32.a(swap.c.obj)
                0x00000000000026a0                arch_swap
 .text.z_arm_pendsv
                0x00000000000026d4       0x54 zephyr/arch/arch/arm/core/aarch32/libarch__arm__core__aarch32.a(swap_helper.S.obj)
                0x00000000000026d4                z_arm_pendsv
 .text.z_arm_svc
                0x0000000000002728       0x20 zephyr/arch/arch/arm/core/aarch32/libarch__arm__core__aarch32.a(swap_helper.S.obj)
                0x0000000000002728                z_arm_svc
 .text.arch_new_thread
                0x0000000000002748       0x38 zephyr/arch/arch/arm/core/aarch32/libarch__arm__core__aarch32.a(thread.c.obj)
                0x0000000000002748                arch_new_thread
 .text.z_check_thread_stack_fail
                0x0000000000002780       0x2c zephyr/arch/arch/arm/core/aarch32/libarch__arm__core__aarch32.a(thread.c.obj)
                0x0000000000002780                z_check_thread_stack_fail
 .text.arch_switch_to_main_thread
                0x00000000000027ac       0x2c zephyr/arch/arch/arm/core/aarch32/libarch__arm__core__aarch32.a(thread.c.obj)
                0x00000000000027ac                arch_switch_to_main_thread
 .text._isr_wrapper
                0x00000000000027d8       0x40 zephyr/arch/arch/arm/core/aarch32/libarch__arm__core__aarch32.a(isr_wrapper.S.obj)
                0x00000000000027d8                _isr_wrapper
 .text._HandlerModeExit
                0x0000000000002818       0x1c zephyr/arch/arch/arm/core/aarch32/cortex_m/libarch__arm__core__aarch32__cortex_m.a(exc_exit.S.obj)
                0x0000000000002818                z_arm_exc_exit
                0x0000000000002818                z_arm_int_exit
 .text.bus_fault.constprop.0
                0x0000000000002834      0x11c zephyr/arch/arch/arm/core/aarch32/cortex_m/libarch__arm__core__aarch32__cortex_m.a(fault.c.obj)
 .text.usage_fault.constprop.0
                0x0000000000002950       0xf8 zephyr/arch/arch/arm/core/aarch32/cortex_m/libarch__arm__core__aarch32__cortex_m.a(fault.c.obj)
 .text.mem_manage_fault
                0x0000000000002a48      0x18c zephyr/arch/arch/arm/core/aarch32/cortex_m/libarch__arm__core__aarch32__cortex_m.a(fault.c.obj)
 .text.z_arm_fault
                0x0000000000002bd4      0x268 zephyr/arch/arch/arm/core/aarch32/cortex_m/libarch__arm__core__aarch32__cortex_m.a(fault.c.obj)
                0x0000000000002bd4                z_arm_fault
 .text.z_arm_fault_init
                0x0000000000002e3c       0x10 zephyr/arch/arch/arm/core/aarch32/cortex_m/libarch__arm__core__aarch32__cortex_m.a(fault.c.obj)
                0x0000000000002e3c                z_arm_fault_init
 .text.__fault  0x0000000000002e4c       0x14 zephyr/arch/arch/arm/core/aarch32/cortex_m/libarch__arm__core__aarch32__cortex_m.a(fault_s.S.obj)
                0x0000000000002e4c                z_arm_bus_fault
                0x0000000000002e4c                z_arm_usage_fault
                0x0000000000002e4c                z_arm_mpu_fault
                0x0000000000002e4c                z_arm_exc_spurious
                0x0000000000002e4c                z_arm_debug_monitor
                0x0000000000002e4c                z_arm_hard_fault
 .text.z_arm_interrupt_init
                0x0000000000002e60       0x18 zephyr/arch/arch/arm/core/aarch32/cortex_m/libarch__arm__core__aarch32__cortex_m.a(irq_init.c.obj)
                0x0000000000002e60                z_arm_interrupt_init
 .text._reset_section
                0x0000000000002e78       0x54 zephyr/arch/arch/arm/core/aarch32/cortex_m/libarch__arm__core__aarch32__cortex_m.a(reset.S.obj)
                0x0000000000002e78                z_arm_reset
                0x0000000000002e78                __start
 .text.z_arm_clear_arm_mpu_config
                0x0000000000002ecc       0x24 zephyr/arch/arch/arm/core/aarch32/cortex_m/libarch__arm__core__aarch32__cortex_m.a(scb.c.obj)
                0x0000000000002ecc                z_arm_clear_arm_mpu_config
 .text.z_arm_init_arch_hw_at_boot
                0x0000000000002ef0       0x64 zephyr/arch/arch/arm/core/aarch32/cortex_m/libarch__arm__core__aarch32__cortex_m.a(scb.c.obj)
                0x0000000000002ef0                z_arm_init_arch_hw_at_boot
 .text.z_impl_k_thread_abort
                0x0000000000002f54       0x2c zephyr/arch/arch/arm/core/aarch32/cortex_m/libarch__arm__core__aarch32__cortex_m.a(thread_abort.c.obj)
                0x0000000000002f54                z_impl_k_thread_abort
 .text.z_arm_configure_static_mpu_regions
                0x0000000000002f80       0x18 zephyr/arch/arch/arm/core/aarch32/mpu/libarch__arm__core__aarch32__mpu.a(arm_core_mpu.c.obj)
                0x0000000000002f80                z_arm_configure_static_mpu_regions
 .text.z_arm_configure_dynamic_mpu_regions
                0x0000000000002f98       0x20 zephyr/arch/arch/arm/core/aarch32/mpu/libarch__arm__core__aarch32__mpu.a(arm_core_mpu.c.obj)
                0x0000000000002f98                z_arm_configure_dynamic_mpu_regions
 .text.mpu_configure_regions
                0x0000000000002fb8       0xb0 zephyr/arch/arch/arm/core/aarch32/mpu/libarch__arm__core__aarch32__mpu.a(arm_mpu.c.obj)
 .text.arm_core_mpu_enable
                0x0000000000003068       0x18 zephyr/arch/arch/arm/core/aarch32/mpu/libarch__arm__core__aarch32__mpu.a(arm_mpu.c.obj)
                0x0000000000003068                arm_core_mpu_enable
 .text.arm_core_mpu_disable
                0x0000000000003080       0x14 zephyr/arch/arch/arm/core/aarch32/mpu/libarch__arm__core__aarch32__mpu.a(arm_mpu.c.obj)
                0x0000000000003080                arm_core_mpu_disable
 .text.arm_core_mpu_configure_static_mpu_regions
                0x0000000000003094       0x50 zephyr/arch/arch/arm/core/aarch32/mpu/libarch__arm__core__aarch32__mpu.a(arm_mpu.c.obj)
                0x0000000000003094                arm_core_mpu_configure_static_mpu_regions
 .text.arm_core_mpu_configure_dynamic_mpu_regions
                0x00000000000030e4       0x68 zephyr/arch/arch/arm/core/aarch32/mpu/libarch__arm__core__aarch32__mpu.a(arm_mpu.c.obj)
                0x00000000000030e4                arm_core_mpu_configure_dynamic_mpu_regions
 .text.z_arm_mpu_init
                0x000000000000314c       0xc4 zephyr/arch/arch/arm/core/aarch32/mpu/libarch__arm__core__aarch32__mpu.a(arm_mpu.c.obj)
                0x000000000000314c                z_arm_mpu_init
 .text.__stdout_hook_install
                0x0000000000003210        0xc zephyr/lib/libc/minimal/liblib__libc__minimal.a(stdout_console.c.obj)
                0x0000000000003210                __stdout_hook_install
 .text.nordicsemi_nrf52_init
                0x000000000000321c       0x60 zephyr/soc/arm/nordic_nrf/nrf52/libsoc__arm__nordic_nrf__nrf52.a(soc.c.obj)
 .text.sys_arch_reboot
                0x000000000000327c       0x2c zephyr/soc/arm/nordic_nrf/nrf52/libsoc__arm__nordic_nrf__nrf52.a(soc.c.obj)
                0x000000000000327c                sys_arch_reboot
 .text.arch_busy_wait
                0x00000000000032a8       0x14 zephyr/soc/arm/nordic_nrf/nrf52/libsoc__arm__nordic_nrf__nrf52.a(soc.c.obj)
                0x00000000000032a8                arch_busy_wait
 .text.adc_nrfx_channel_setup
                0x00000000000032bc      0x108 zephyr/drivers/adc/libdrivers__adc.a(adc_nrfx_saadc.c.obj)
 .text.adc_context_start_sampling.isra.0
                0x00000000000033c4       0x18 zephyr/drivers/adc/libdrivers__adc.a(adc_nrfx_saadc.c.obj)
 .text.adc_nrfx_read
                0x00000000000033dc      0x1fc zephyr/drivers/adc/libdrivers__adc.a(adc_nrfx_saadc.c.obj)
 .text.init_saadc
                0x00000000000035d8       0x44 zephyr/drivers/adc/libdrivers__adc.a(adc_nrfx_saadc.c.obj)
 .text.saadc_irq_handler
                0x000000000000361c       0xcc zephyr/drivers/adc/libdrivers__adc.a(adc_nrfx_saadc.c.obj)
 .text.onoff_start
                0x00000000000036e8       0x3c zephyr/drivers/clock_control/libdrivers__clock_control.a(clock_control_nrf.c.obj)
 .text.get_status
                0x0000000000003724       0x3c zephyr/drivers/clock_control/libdrivers__clock_control.a(clock_control_nrf.c.obj)
 .text.stop     0x0000000000003760       0x80 zephyr/drivers/clock_control/libdrivers__clock_control.a(clock_control_nrf.c.obj)
 .text.onoff_stop
                0x00000000000037e0       0x28 zephyr/drivers/clock_control/libdrivers__clock_control.a(clock_control_nrf.c.obj)
 .text.clk_init
                0x0000000000003808       0x58 zephyr/drivers/clock_control/libdrivers__clock_control.a(clock_control_nrf.c.obj)
 .text.clkstarted_handle.constprop.0
                0x0000000000003860       0x34 zephyr/drivers/clock_control/libdrivers__clock_control.a(clock_control_nrf.c.obj)
 .text.clock_event_handler
                0x0000000000003894       0x60 zephyr/drivers/clock_control/libdrivers__clock_control.a(clock_control_nrf.c.obj)
 .text.generic_hfclk_start
                0x00000000000038f4       0x64 zephyr/drivers/clock_control/libdrivers__clock_control.a(clock_control_nrf.c.obj)
 .text.api_blocking_start
                0x0000000000003958       0x34 zephyr/drivers/clock_control/libdrivers__clock_control.a(clock_control_nrf.c.obj)
 .text.generic_hfclk_stop
                0x000000000000398c       0x2c zephyr/drivers/clock_control/libdrivers__clock_control.a(clock_control_nrf.c.obj)
 .text.z_nrf_clock_control_lf_on
                0x00000000000039b8      0x148 zephyr/drivers/clock_control/libdrivers__clock_control.a(clock_control_nrf.c.obj)
                0x00000000000039b8                z_nrf_clock_control_lf_on
 .text.uart_console_init
                0x0000000000003b00       0x30 zephyr/drivers/console/libdrivers__console.a(uart_console.c.obj)
 .text.console_out
                0x0000000000003b30       0x28 zephyr/drivers/console/libdrivers__console.a(uart_console.c.obj)
 .text.gpio_nrfx_manage_callback
                0x0000000000003b58       0xac zephyr/drivers/gpio/libdrivers__gpio.a(gpio_nrfx.c.obj)
 .text.gpio_nrfx_pin_interrupt_configure
                0x0000000000003c04      0x130 zephyr/drivers/gpio/libdrivers__gpio.a(gpio_nrfx.c.obj)
 .text.gpio_nrfx_init
                0x0000000000003d34       0x38 zephyr/drivers/gpio/libdrivers__gpio.a(gpio_nrfx.c.obj)
 .text.nrfx_gpio_handler
                0x0000000000003d6c       0x88 zephyr/drivers/gpio/libdrivers__gpio.a(gpio_nrfx.c.obj)
 .text.gpio_nrfx_pin_configure
                0x0000000000003df4      0x158 zephyr/drivers/gpio/libdrivers__gpio.a(gpio_nrfx.c.obj)
 .text.z_log_msg2_runtime_create.constprop.0
                0x0000000000003f4c       0x24 zephyr/drivers/serial/libdrivers__serial.a(uart_nrfx_uarte.c.obj)
 .text.uarte_nrfx_configure
                0x0000000000003f70      0x164 zephyr/drivers/serial/libdrivers__serial.a(uart_nrfx_uarte.c.obj)
 .text.uarte_instance_init.constprop.0
                0x00000000000040d4      0x108 zephyr/drivers/serial/libdrivers__serial.a(uart_nrfx_uarte.c.obj)
 .text.uarte_nrfx_poll_out
                0x00000000000041dc       0xc4 zephyr/drivers/serial/libdrivers__serial.a(uart_nrfx_uarte.c.obj)
 .text.compare_int_lock
                0x00000000000042a0       0x50 zephyr/drivers/timer/libdrivers__timer.a(nrf_rtc_timer.c.obj)
 .text.sys_clock_timeout_handler
                0x00000000000042f0       0x78 zephyr/drivers/timer/libdrivers__timer.a(nrf_rtc_timer.c.obj)
 .text.compare_int_unlock
                0x0000000000004368       0x5c zephyr/drivers/timer/libdrivers__timer.a(nrf_rtc_timer.c.obj)
 .text.z_nrf_rtc_timer_read
                0x00000000000043c4       0x44 zephyr/drivers/timer/libdrivers__timer.a(nrf_rtc_timer.c.obj)
                0x00000000000043c4                z_nrf_rtc_timer_read
 .text.compare_set
                0x0000000000004408      0x148 zephyr/drivers/timer/libdrivers__timer.a(nrf_rtc_timer.c.obj)
 .text.sys_clock_driver_init
                0x0000000000004550       0x80 zephyr/drivers/timer/libdrivers__timer.a(nrf_rtc_timer.c.obj)
 .text.rtc_nrf_isr
                0x00000000000045d0       0xec zephyr/drivers/timer/libdrivers__timer.a(nrf_rtc_timer.c.obj)
                0x00000000000045d0                rtc_nrf_isr
 .text.sys_clock_set_timeout
                0x00000000000046bc       0x64 zephyr/drivers/timer/libdrivers__timer.a(nrf_rtc_timer.c.obj)
                0x00000000000046bc                sys_clock_set_timeout
 .text.sys_clock_elapsed
                0x0000000000004720       0x14 zephyr/drivers/timer/libdrivers__timer.a(nrf_rtc_timer.c.obj)
                0x0000000000004720                sys_clock_elapsed
 .text.nrf_gpio_pin_port_decode
                0x0000000000004734       0x84 zephyr/drivers/pinctrl/libdrivers__pinctrl.a(pinctrl_nrf.c.obj)
 .text.z_log_msg2_runtime_create.constprop.0
                0x00000000000047b8       0x24 modules/nrf/lib/fatal_error/lib..__nrf__lib__fatal_error.a(fatal_error.c.obj)
 .text.k_sys_fatal_error_handler
                0x00000000000047dc       0x2c modules/nrf/lib/fatal_error/lib..__nrf__lib__fatal_error.a(fatal_error.c.obj)
                0x00000000000047dc                k_sys_fatal_error_handler
 .text.nrf52_errata_98
                0x0000000000004808       0x24 modules/hal_nordic/nrfx/libmodules__hal_nordic__nrfx.a(system_nrf52840.c.obj)
 .text.nvmc_wait
                0x000000000000482c       0x10 modules/hal_nordic/nrfx/libmodules__hal_nordic__nrfx.a(system_nrf52840.c.obj)
                0x000000000000482c                nvmc_wait
 .text.SystemInit
                0x000000000000483c      0x1d4 modules/hal_nordic/nrfx/libmodules__hal_nordic__nrfx.a(system_nrf52840.c.obj)
                0x000000000000483c                SystemInit
 .text.nrfx_flag32_alloc
                0x0000000000004a10       0x4c modules/hal_nordic/nrfx/libmodules__hal_nordic__nrfx.a(nrfx_flag32_allocator.c.obj)
                0x0000000000004a10                nrfx_flag32_alloc
 .text.nrfx_flag32_free
                0x0000000000004a5c       0x44 modules/hal_nordic/nrfx/libmodules__hal_nordic__nrfx.a(nrfx_flag32_allocator.c.obj)
                0x0000000000004a5c                nrfx_flag32_free
 .text.clock_stop
                0x0000000000004aa0       0xe4 modules/hal_nordic/nrfx/libmodules__hal_nordic__nrfx.a(nrfx_clock.c.obj)
 .text.nrfx_clock_init
                0x0000000000004b84       0x4c modules/hal_nordic/nrfx/libmodules__hal_nordic__nrfx.a(nrfx_clock.c.obj)
                0x0000000000004b84                nrfx_clock_init
 .text.nrfx_clock_enable
                0x0000000000004bd0       0x48 modules/hal_nordic/nrfx/libmodules__hal_nordic__nrfx.a(nrfx_clock.c.obj)
                0x0000000000004bd0                nrfx_clock_enable
 .text.nrfx_clock_start
                0x0000000000004c18       0xc8 modules/hal_nordic/nrfx/libmodules__hal_nordic__nrfx.a(nrfx_clock.c.obj)
                0x0000000000004c18                nrfx_clock_start
 .text.nrfx_clock_stop
                0x0000000000004ce0       0x3c modules/hal_nordic/nrfx/libmodules__hal_nordic__nrfx.a(nrfx_clock.c.obj)
                0x0000000000004ce0                nrfx_clock_stop
 .text.nrfx_power_clock_irq_handler
                0x0000000000004d1c       0x68 modules/hal_nordic/nrfx/libmodules__hal_nordic__nrfx.a(nrfx_clock.c.obj)
                0x0000000000004d1c                nrfx_power_clock_irq_handler
 .text.pin_in_use_by_te
                0x0000000000004d84       0x14 modules/hal_nordic/nrfx/libmodules__hal_nordic__nrfx.a(nrfx_gpiote.c.obj)
 .text.pin_has_trigger
                0x0000000000004d98       0x18 modules/hal_nordic/nrfx/libmodules__hal_nordic__nrfx.a(nrfx_gpiote.c.obj)
 .text.pin_is_output
                0x0000000000004db0       0x14 modules/hal_nordic/nrfx/libmodules__hal_nordic__nrfx.a(nrfx_gpiote.c.obj)
 .text.call_handler
                0x0000000000004dc4       0x3c modules/hal_nordic/nrfx/libmodules__hal_nordic__nrfx.a(nrfx_gpiote.c.obj)
 .text.release_handler
                0x0000000000004e00       0x80 modules/hal_nordic/nrfx/libmodules__hal_nordic__nrfx.a(nrfx_gpiote.c.obj)
 .text.pin_handler_trigger_uninit
                0x0000000000004e80       0x38 modules/hal_nordic/nrfx/libmodules__hal_nordic__nrfx.a(nrfx_gpiote.c.obj)
 .text.nrf_gpio_pin_port_decode
                0x0000000000004eb8       0x6c modules/hal_nordic/nrfx/libmodules__hal_nordic__nrfx.a(nrfx_gpiote.c.obj)
 .text.nrfx_gpiote_input_configure
                0x0000000000004f24      0x15c modules/hal_nordic/nrfx/libmodules__hal_nordic__nrfx.a(nrfx_gpiote.c.obj)
                0x0000000000004f24                nrfx_gpiote_input_configure
 .text.nrfx_gpiote_output_configure
                0x0000000000005080       0xe8 modules/hal_nordic/nrfx/libmodules__hal_nordic__nrfx.a(nrfx_gpiote.c.obj)
                0x0000000000005080                nrfx_gpiote_output_configure
 .text.nrfx_gpiote_global_callback_set
                0x0000000000005168        0xc modules/hal_nordic/nrfx/libmodules__hal_nordic__nrfx.a(nrfx_gpiote.c.obj)
                0x0000000000005168                nrfx_gpiote_global_callback_set
 .text.nrfx_gpiote_channel_get
                0x0000000000005174       0x54 modules/hal_nordic/nrfx/libmodules__hal_nordic__nrfx.a(nrfx_gpiote.c.obj)
                0x0000000000005174                nrfx_gpiote_channel_get
 .text.nrfx_gpiote_init
                0x00000000000051c8       0x50 modules/hal_nordic/nrfx/libmodules__hal_nordic__nrfx.a(nrfx_gpiote.c.obj)
                0x00000000000051c8                nrfx_gpiote_init
 .text.nrfx_gpiote_is_init
                0x0000000000005218       0x14 modules/hal_nordic/nrfx/libmodules__hal_nordic__nrfx.a(nrfx_gpiote.c.obj)
                0x0000000000005218                nrfx_gpiote_is_init
 .text.nrfx_gpiote_channel_free
                0x000000000000522c        0xc modules/hal_nordic/nrfx/libmodules__hal_nordic__nrfx.a(nrfx_gpiote.c.obj)
                0x000000000000522c                nrfx_gpiote_channel_free
 .text.nrfx_gpiote_channel_alloc
                0x0000000000005238        0xc modules/hal_nordic/nrfx/libmodules__hal_nordic__nrfx.a(nrfx_gpiote.c.obj)
                0x0000000000005238                nrfx_gpiote_channel_alloc
 .text.nrfx_gpiote_trigger_enable
                0x0000000000005244       0xe8 modules/hal_nordic/nrfx/libmodules__hal_nordic__nrfx.a(nrfx_gpiote.c.obj)
                0x0000000000005244                nrfx_gpiote_trigger_enable
 .text.nrfx_gpiote_trigger_disable
                0x000000000000532c       0x54 modules/hal_nordic/nrfx/libmodules__hal_nordic__nrfx.a(nrfx_gpiote.c.obj)
                0x000000000000532c                nrfx_gpiote_trigger_disable
 .text.nrfx_gpiote_pin_uninit
                0x0000000000005380       0x48 modules/hal_nordic/nrfx/libmodules__hal_nordic__nrfx.a(nrfx_gpiote.c.obj)
                0x0000000000005380                nrfx_gpiote_pin_uninit
 .text.nrfx_gpiote_irq_handler
                0x00000000000053c8      0x1b0 modules/hal_nordic/nrfx/libmodules__hal_nordic__nrfx.a(nrfx_gpiote.c.obj)
                0x00000000000053c8                nrfx_gpiote_irq_handler
 .text.nrfx_ppi_channel_alloc
                0x0000000000005578        0xc modules/hal_nordic/nrfx/libmodules__hal_nordic__nrfx.a(nrfx_ppi.c.obj)
                0x0000000000005578                nrfx_ppi_channel_alloc
 .text._DoInit  0x0000000000005584       0x60 modules/segger/libmodules__segger.a(SEGGER_RTT.c.obj)
 .text.SEGGER_RTT_WriteSkipNoLock
                0x00000000000055e4       0x98 modules/segger/libmodules__segger.a(SEGGER_RTT.c.obj)
                0x00000000000055e4                SEGGER_RTT_WriteSkipNoLock
 .text.SEGGER_RTT_HasDataUp
                0x000000000000567c       0x14 modules/segger/libmodules__segger.a(SEGGER_RTT.c.obj)
                0x000000000000567c                SEGGER_RTT_HasDataUp
 .text.z_sys_init_run_level
                0x0000000000005690       0x40 zephyr/kernel/libkernel.a(device.c.obj)
                0x0000000000005690                z_sys_init_run_level
 .text.z_fatal_error
                0x00000000000056d0       0xf4 zephyr/kernel/libkernel.a(fatal.c.obj)
                0x00000000000056d0                z_fatal_error
 .text.bg_thread_main
                0x00000000000057c4       0x34 zephyr/kernel/libkernel.a(init.c.obj)
 .text.z_bss_zero
                0x00000000000057f8       0x18 zephyr/kernel/libkernel.a(init.c.obj)
                0x00000000000057f8                z_bss_zero
 .text.z_init_cpu
                0x0000000000005810       0x70 zephyr/kernel/libkernel.a(init.c.obj)
                0x0000000000005810                z_init_cpu
 .text.z_cstart
                0x0000000000005880       0xdc zephyr/kernel/libkernel.a(init.c.obj)
                0x0000000000005880                z_cstart
 .text.init_mem_slab_module
                0x000000000000595c       0x74 zephyr/kernel/libkernel.a(mem_slab.c.obj)
 .text.k_mem_slab_alloc
                0x00000000000059d0       0xd8 zephyr/kernel/libkernel.a(mem_slab.c.obj)
                0x00000000000059d0                k_mem_slab_alloc
 .text.k_mem_slab_free
                0x0000000000005aa8       0xc8 zephyr/kernel/libkernel.a(mem_slab.c.obj)
                0x0000000000005aa8                k_mem_slab_free
 .text.z_setup_new_thread
                0x0000000000005b70       0xc8 zephyr/kernel/libkernel.a(thread.c.obj)
                0x0000000000005b70                z_setup_new_thread
 .text.z_impl_k_thread_create
                0x0000000000005c38       0xa0 zephyr/kernel/libkernel.a(thread.c.obj)
                0x0000000000005c38                z_impl_k_thread_create
 .text.z_init_static_threads
                0x0000000000005cd8      0x110 zephyr/kernel/libkernel.a(thread.c.obj)
                0x0000000000005cd8                z_init_static_threads
 .text.z_spin_lock_valid
                0x0000000000005de8       0x1c zephyr/kernel/libkernel.a(thread.c.obj)
                0x0000000000005de8                z_spin_lock_valid
 .text.z_spin_unlock_valid
                0x0000000000005e04       0x20 zephyr/kernel/libkernel.a(thread.c.obj)
                0x0000000000005e04                z_spin_unlock_valid
 .text.z_spin_lock_set_owner
                0x0000000000005e24       0x10 zephyr/kernel/libkernel.a(thread.c.obj)
                0x0000000000005e24                z_spin_lock_set_owner
 .text.idle     0x0000000000005e34       0x64 zephyr/kernel/libkernel.a(idle.c.obj)
                0x0000000000005e34                idle
 .text.z_impl_k_mutex_lock
                0x0000000000005e98      0x1f4 zephyr/kernel/libkernel.a(mutex.c.obj)
                0x0000000000005e98                z_impl_k_mutex_lock
 .text.z_impl_k_mutex_unlock
                0x000000000000608c      0x188 zephyr/kernel/libkernel.a(mutex.c.obj)
                0x000000000000608c                z_impl_k_mutex_unlock
 .text.z_impl_k_sem_give
                0x0000000000006214       0x7c zephyr/kernel/libkernel.a(sem.c.obj)
                0x0000000000006214                z_impl_k_sem_give
 .text.z_impl_k_sem_take
                0x0000000000006290      0x114 zephyr/kernel/libkernel.a(sem.c.obj)
                0x0000000000006290                z_impl_k_sem_take
 .text.z_reset_time_slice
                0x00000000000063a4       0x28 zephyr/kernel/libkernel.a(sched.c.obj)
                0x00000000000063a4                z_reset_time_slice
 .text.k_sched_time_slice_set
                0x00000000000063cc       0xcc zephyr/kernel/libkernel.a(sched.c.obj)
                0x00000000000063cc                k_sched_time_slice_set
 .text.z_unpend_thread_no_timeout
                0x0000000000006498       0x90 zephyr/kernel/libkernel.a(sched.c.obj)
                0x0000000000006498                z_unpend_thread_no_timeout
 .text.z_reschedule
                0x0000000000006528       0x88 zephyr/kernel/libkernel.a(sched.c.obj)
                0x0000000000006528                z_reschedule
 .text.k_sched_lock
                0x00000000000065b0       0xe8 zephyr/kernel/libkernel.a(sched.c.obj)
                0x00000000000065b0                k_sched_lock
 .text.z_priq_dumb_remove
                0x0000000000006698       0x44 zephyr/kernel/libkernel.a(sched.c.obj)
                0x0000000000006698                z_priq_dumb_remove
 .text.unpend_thread_no_timeout
                0x00000000000066dc       0x44 zephyr/kernel/libkernel.a(sched.c.obj)
 .text.update_cache
                0x0000000000006720       0x70 zephyr/kernel/libkernel.a(sched.c.obj)
 .text.move_thread_to_end_of_prio_q
                0x0000000000006790       0xa8 zephyr/kernel/libkernel.a(sched.c.obj)
 .text.z_time_slice
                0x0000000000006838       0xf0 zephyr/kernel/libkernel.a(sched.c.obj)
                0x0000000000006838                z_time_slice
 .text.ready_thread
                0x0000000000006928       0x98 zephyr/kernel/libkernel.a(sched.c.obj)
 .text.z_ready_thread
                0x00000000000069c0       0x90 zephyr/kernel/libkernel.a(sched.c.obj)
                0x00000000000069c0                z_ready_thread
 .text.z_sched_start
                0x0000000000006a50       0xa8 zephyr/kernel/libkernel.a(sched.c.obj)
                0x0000000000006a50                z_sched_start
 .text.z_thread_timeout
                0x0000000000006af8       0xb4 zephyr/kernel/libkernel.a(sched.c.obj)
                0x0000000000006af8                z_thread_timeout
 .text.unready_thread
                0x0000000000006bac       0x38 zephyr/kernel/libkernel.a(sched.c.obj)
 .text.add_to_waitq_locked
                0x0000000000006be4       0x80 zephyr/kernel/libkernel.a(sched.c.obj)
 .text.pend     0x0000000000006c64       0xbc zephyr/kernel/libkernel.a(sched.c.obj)
 .text.z_pend_curr
                0x0000000000006d20       0x60 zephyr/kernel/libkernel.a(sched.c.obj)
                0x0000000000006d20                z_pend_curr
 .text.z_set_prio
                0x0000000000006d80      0x130 zephyr/kernel/libkernel.a(sched.c.obj)
                0x0000000000006d80                z_set_prio
 .text.z_impl_k_thread_suspend
                0x0000000000006eb0       0xd4 zephyr/kernel/libkernel.a(sched.c.obj)
                0x0000000000006eb0                z_impl_k_thread_suspend
 .text.k_sched_unlock
                0x0000000000006f84       0xf8 zephyr/kernel/libkernel.a(sched.c.obj)
                0x0000000000006f84                k_sched_unlock
 .text.z_unpend1_no_timeout
                0x000000000000707c       0x98 zephyr/kernel/libkernel.a(sched.c.obj)
                0x000000000000707c                z_unpend1_no_timeout
 .text.z_unpend_first_thread
                0x0000000000007114       0xa0 zephyr/kernel/libkernel.a(sched.c.obj)
                0x0000000000007114                z_unpend_first_thread
 .text.z_sched_init
                0x00000000000071b4       0x18 zephyr/kernel/libkernel.a(sched.c.obj)
                0x00000000000071b4                z_sched_init
 .text.z_impl_k_yield
                0x00000000000071cc      0x140 zephyr/kernel/libkernel.a(sched.c.obj)
                0x00000000000071cc                z_impl_k_yield
 .text.z_tick_sleep
                0x000000000000730c      0x154 zephyr/kernel/libkernel.a(sched.c.obj)
 .text.z_impl_k_sleep
                0x0000000000007460       0x70 zephyr/kernel/libkernel.a(sched.c.obj)
                0x0000000000007460                z_impl_k_sleep
 .text.z_impl_z_current_get
                0x00000000000074d0        0xc zephyr/kernel/libkernel.a(sched.c.obj)
                0x00000000000074d0                z_impl_z_current_get
 .text.z_thread_abort
                0x00000000000074dc      0x168 zephyr/kernel/libkernel.a(sched.c.obj)
                0x00000000000074dc                z_thread_abort
 .text.z_data_copy
                0x0000000000007644       0x34 zephyr/kernel/libkernel.a(xip.c.obj)
                0x0000000000007644                z_data_copy
 .text.elapsed  0x0000000000007678       0x14 zephyr/kernel/libkernel.a(timeout.c.obj)
 .text.next_timeout
                0x000000000000768c       0x4c zephyr/kernel/libkernel.a(timeout.c.obj)
 .text.remove_timeout
                0x00000000000076d8       0x34 zephyr/kernel/libkernel.a(timeout.c.obj)
 .text.z_add_timeout
                0x000000000000770c      0x190 zephyr/kernel/libkernel.a(timeout.c.obj)
                0x000000000000770c                z_add_timeout
 .text.z_abort_timeout
                0x000000000000789c       0x9c zephyr/kernel/libkernel.a(timeout.c.obj)
                0x000000000000789c                z_abort_timeout
 .text.z_get_next_timeout_expiry
                0x0000000000007938       0x90 zephyr/kernel/libkernel.a(timeout.c.obj)
                0x0000000000007938                z_get_next_timeout_expiry
 .text.z_set_timeout_expiry
                0x00000000000079c8       0xa0 zephyr/kernel/libkernel.a(timeout.c.obj)
                0x00000000000079c8                z_set_timeout_expiry
 .text.sys_clock_announce
                0x0000000000007a68      0x174 zephyr/kernel/libkernel.a(timeout.c.obj)
                0x0000000000007a68                sys_clock_announce
 .text.sys_clock_tick_get
                0x0000000000007bdc       0xa0 zephyr/kernel/libkernel.a(timeout.c.obj)
                0x0000000000007bdc                sys_clock_tick_get
 .text.z_timer_expiration_handler
                0x0000000000007c7c      0x16c zephyr/kernel/libkernel.a(timer.c.obj)
                0x0000000000007c7c                z_timer_expiration_handler
 .text.z_impl_k_timer_start
                0x0000000000007de8       0xa4 zephyr/kernel/libkernel.a(timer.c.obj)
                0x0000000000007de8                z_impl_k_timer_start
 .text.k_thread_system_pool_assign
                0x0000000000007e8c        0xc zephyr/kernel/libkernel.a(mempool.c.obj)
                0x0000000000007e8c                k_thread_system_pool_assign
 .text.boot_banner
                0x0000000000007e98       0x18 zephyr/kernel/libkernel.a(banner.c.obj)
                0x0000000000007e98                boot_banner
 .text.statics_init
                0x0000000000007eb0       0x54 zephyr/kernel/libkernel.a(kheap.c.obj)
 .text.nrf_cc3xx_platform_init_no_rng
                0x0000000000007f04       0x38 /home/rt/ncs/nrfxlib/crypto/nrf_cc310_platform/lib/cortex-m4/soft-float/no-interrupts/libnrf_cc310_platform_0.9.14.a(nrf_cc3xx_platform.c.obj)
                0x0000000000007f04                nrf_cc3xx_platform_init_no_rng
 .text.nrf_cc3xx_platform_abort
                0x0000000000007f3c       0x24 /home/rt/ncs/nrfxlib/crypto/nrf_cc310_platform/lib/cortex-m4/soft-float/no-interrupts/libnrf_cc310_platform_0.9.14.a(nrf_cc3xx_platform_abort.c.obj)
 .text.CC_PalAbort
                0x0000000000007f60       0x34 /home/rt/ncs/nrfxlib/crypto/nrf_cc310_platform/lib/cortex-m4/soft-float/no-interrupts/libnrf_cc310_platform_0.9.14.a(nrf_cc3xx_platform_abort.c.obj)
                0x0000000000007f60                CC_PalAbort
 .text.nrf_cc3xx_platform_set_abort
                0x0000000000007f94       0x10 /home/rt/ncs/nrfxlib/crypto/nrf_cc310_platform/lib/cortex-m4/soft-float/no-interrupts/libnrf_cc310_platform_0.9.14.a(nrf_cc3xx_platform_abort.c.obj)
                0x0000000000007f94                nrf_cc3xx_platform_set_abort
 .text.mutex_free
                0x0000000000007fa4       0x28 /home/rt/ncs/nrfxlib/crypto/nrf_cc310_platform/lib/cortex-m4/soft-float/no-interrupts/libnrf_cc310_platform_0.9.14.a(nrf_cc3xx_platform_mutex.c.obj)
 .text.mutex_lock
                0x0000000000007fcc       0x40 /home/rt/ncs/nrfxlib/crypto/nrf_cc310_platform/lib/cortex-m4/soft-float/no-interrupts/libnrf_cc310_platform_0.9.14.a(nrf_cc3xx_platform_mutex.c.obj)
 .text.mutex_unlock
                0x000000000000800c       0x2c /home/rt/ncs/nrfxlib/crypto/nrf_cc310_platform/lib/cortex-m4/soft-float/no-interrupts/libnrf_cc310_platform_0.9.14.a(nrf_cc3xx_platform_mutex.c.obj)
 .text.mutex_init
                0x0000000000008038       0x1c /home/rt/ncs/nrfxlib/crypto/nrf_cc310_platform/lib/cortex-m4/soft-float/no-interrupts/libnrf_cc310_platform_0.9.14.a(nrf_cc3xx_platform_mutex.c.obj)
 .text.nrf_cc3xx_platform_set_mutexes
                0x0000000000008054       0x60 /home/rt/ncs/nrfxlib/crypto/nrf_cc310_platform/lib/cortex-m4/soft-float/no-interrupts/libnrf_cc310_platform_0.9.14.a(nrf_cc3xx_platform_mutex.c.obj)
                0x0000000000008054                nrf_cc3xx_platform_set_mutexes
 .text.CC_LibInitNoRng
                0x00000000000080b4       0x64 /home/rt/ncs/nrfxlib/crypto/nrf_cc310_platform/lib/cortex-m4/soft-float/no-interrupts/libnrf_cc310_platform_0.9.14.a(cc_lib.c.obj)
                0x00000000000080b4                CC_LibInitNoRng
 .text.CC_HalInit
                0x0000000000008118        0x4 /home/rt/ncs/nrfxlib/crypto/nrf_cc310_platform/lib/cortex-m4/soft-float/no-interrupts/libnrf_cc310_platform_0.9.14.a(cc_hal.c.obj)
                0x0000000000008118                CC_HalInit
 .text.CC_HalTerminate
                0x000000000000811c        0x4 /home/rt/ncs/nrfxlib/crypto/nrf_cc310_platform/lib/cortex-m4/soft-float/no-interrupts/libnrf_cc310_platform_0.9.14.a(cc_hal.c.obj)
                0x000000000000811c                CC_HalTerminate
 .text.CC_HalMaskInterrupt
                0x0000000000008120        0xc /home/rt/ncs/nrfxlib/crypto/nrf_cc310_platform/lib/cortex-m4/soft-float/no-interrupts/libnrf_cc310_platform_0.9.14.a(cc_hal.c.obj)
                0x0000000000008120                CC_HalMaskInterrupt
 .text.CC_PalInit
                0x000000000000812c       0x5c /home/rt/ncs/nrfxlib/crypto/nrf_cc310_platform/lib/cortex-m4/soft-float/no-interrupts/libnrf_cc310_platform_0.9.14.a(cc_pal.c.obj)
                0x000000000000812c                CC_PalInit
 .text.CC_PalTerminate
                0x0000000000008188       0x34 /home/rt/ncs/nrfxlib/crypto/nrf_cc310_platform/lib/cortex-m4/soft-float/no-interrupts/libnrf_cc310_platform_0.9.14.a(cc_pal.c.obj)
                0x0000000000008188                CC_PalTerminate
 .text.CC_PalDmaInit
                0x00000000000081bc        0x4 /home/rt/ncs/nrfxlib/crypto/nrf_cc310_platform/lib/cortex-m4/soft-float/no-interrupts/libnrf_cc310_platform_0.9.14.a(cc_pal_dma.c.obj)
                0x00000000000081bc                CC_PalDmaInit
 .text.CC_PalDmaTerminate
                0x00000000000081c0        0x4 /home/rt/ncs/nrfxlib/crypto/nrf_cc310_platform/lib/cortex-m4/soft-float/no-interrupts/libnrf_cc310_platform_0.9.14.a(cc_pal_dma.c.obj)
                0x00000000000081c0                CC_PalDmaTerminate
 .text.CC_PalMutexCreate
                0x00000000000081c4       0x14 /home/rt/ncs/nrfxlib/crypto/nrf_cc310_platform/lib/cortex-m4/soft-float/no-interrupts/libnrf_cc310_platform_0.9.14.a(cc_pal_mutex.c.obj)
                0x00000000000081c4                CC_PalMutexCreate
 .text.CC_PalMutexDestroy
                0x00000000000081d8       0x14 /home/rt/ncs/nrfxlib/crypto/nrf_cc310_platform/lib/cortex-m4/soft-float/no-interrupts/libnrf_cc310_platform_0.9.14.a(cc_pal_mutex.c.obj)
                0x00000000000081d8                CC_PalMutexDestroy
 .text.CC_PalPowerSaveModeInit
                0x00000000000081ec       0x3c /home/rt/ncs/nrfxlib/crypto/nrf_cc310_platform/lib/cortex-m4/soft-float/no-interrupts/libnrf_cc310_platform_0.9.14.a(cc_pal_pm.c.obj)
                0x00000000000081ec                CC_PalPowerSaveModeInit
 .text.CC_PalPowerSaveModeSelect
                0x0000000000008228       0x88 /home/rt/ncs/nrfxlib/crypto/nrf_cc310_platform/lib/cortex-m4/soft-float/no-interrupts/libnrf_cc310_platform_0.9.14.a(cc_pal_pm.c.obj)
                0x0000000000008228                CC_PalPowerSaveModeSelect
 .text._OffsetAbsSyms
                0x00000000000082b0        0x2 zephyr/CMakeFiles/offsets.dir/./arch/arm/core/offsets/offsets.c.obj
                0x00000000000082b0                _OffsetAbsSyms
 .text.nearObstSearch
                0x00000000000082b2       0x30 app/libapp.a(main.c.obj)
                0x00000000000082b2                nearObstSearch
 .text.cbpprintf_external
                0x00000000000082e2       0x5a zephyr/libzephyr.a(cbprintf_packaged.c.obj)
                0x00000000000082e2                cbpprintf_external
 .text.sys_notify_validate
                0x000000000000833c       0x22 zephyr/libzephyr.a(notify.c.obj)
                0x000000000000833c                sys_notify_validate
 .text.arch_printk_char_out
                0x000000000000835e        0x4 zephyr/libzephyr.a(printk.c.obj)
                0x000000000000835e                arch_printk_char_out
 .text.vprintk  0x0000000000008362        0x4 zephyr/libzephyr.a(printk.c.obj)
                0x0000000000008362                vprintk
 .text.printk   0x0000000000008366       0x1a zephyr/libzephyr.a(printk.c.obj)
                0x0000000000008366                printk
 .text.process_recheck
                0x0000000000008380       0x38 zephyr/libzephyr.a(onoff.c.obj)
 .text.notify_one
                0x00000000000083b8       0x2c zephyr/libzephyr.a(onoff.c.obj)
 .text.validate_args
                0x00000000000083e4       0x1e zephyr/libzephyr.a(onoff.c.obj)
 .text.onoff_manager_init
                0x0000000000008402       0x26 zephyr/libzephyr.a(onoff.c.obj)
                0x0000000000008402                onoff_manager_init
 .text.z_thread_entry
                0x0000000000008428       0x14 zephyr/libzephyr.a(thread_entry.c.obj)
                0x0000000000008428                z_thread_entry
 .text.chunk_size
                0x000000000000843c        0xa zephyr/libzephyr.a(heap.c.obj)
 .text.free_list_add
                0x0000000000008446       0x4e zephyr/libzephyr.a(heap.c.obj)
 .text.encode_uint
                0x0000000000008494       0x8c zephyr/libzephyr.a(cbprintf_complete.c.obj)
 .text.outs     0x0000000000008520       0x2c zephyr/libzephyr.a(cbprintf_complete.c.obj)
 .text.assert_post_action
                0x000000000000854c        0xe zephyr/libzephyr.a(assert.c.obj)
                0x000000000000854c                assert_post_action
 .text.assert_print
                0x000000000000855a       0x1a zephyr/libzephyr.a(assert.c.obj)
                0x000000000000855a                assert_print
 .text._ConfigAbsSyms
                0x0000000000008574        0x2 zephyr/libzephyr.a(configs.c.obj)
                0x0000000000008574                _ConfigAbsSyms
 .text.log_backend_is_active
                0x0000000000008576        0x6 zephyr/libzephyr.a(log_core.c.obj)
 .text.default_get_timestamp
                0x000000000000857c        0x4 zephyr/libzephyr.a(log_core.c.obj)
 .text.dummy_timestamp
                0x0000000000008580        0x4 zephyr/libzephyr.a(log_core.c.obj)
 .text.z_log_vprintk
                0x0000000000008584       0x1c zephyr/libzephyr.a(log_core.c.obj)
                0x0000000000008584                z_log_vprintk
 .text.enable_logger
                0x00000000000085a0        0xa zephyr/libzephyr.a(log_core.c.obj)
 .text.z_log_get_tag
                0x00000000000085aa        0x4 zephyr/libzephyr.a(log_core.c.obj)
                0x00000000000085aa                z_log_get_tag
 .text.out_func
                0x00000000000085ae       0x1c zephyr/libzephyr.a(log_output.c.obj)
 .text.cr_out_func
                0x00000000000085ca       0x1a zephyr/libzephyr.a(log_output.c.obj)
 .text.buffer_write
                0x00000000000085e4       0x1a zephyr/libzephyr.a(log_output.c.obj)
 .text.log_output_flush
                0x00000000000085fe       0x1a zephyr/libzephyr.a(log_output.c.obj)
                0x00000000000085fe                log_output_flush
 .text.z_log_msg2_finalize
                0x0000000000008618       0x36 zephyr/libzephyr.a(log_msg2.c.obj)
                0x0000000000008618                z_log_msg2_finalize
 .text.abort_function
                0x000000000000864e        0x8 zephyr/libzephyr.a(nrf_cc3xx_platform_abort_zephyr.c.obj)
 .text.z_log_msg2_runtime_create.constprop.0
                0x0000000000008656       0x20 zephyr/arch/arch/arm/core/aarch32/libarch__arm__core__aarch32.a(fatal.c.obj)
 .text.z_do_kernel_oops
                0x0000000000008676        0x8 zephyr/arch/arch/arm/core/aarch32/libarch__arm__core__aarch32.a(fatal.c.obj)
                0x0000000000008676                z_do_kernel_oops
 .text.z_irq_spurious
                0x000000000000867e        0x8 zephyr/arch/arch/arm/core/aarch32/libarch__arm__core__aarch32.a(irq_manage.c.obj)
                0x000000000000867e                z_irq_spurious
 .text.z_arm_nmi
                0x0000000000008686        0xe zephyr/arch/arch/arm/core/aarch32/libarch__arm__core__aarch32.a(nmi.c.obj)
                0x0000000000008686                z_arm_nmi
 .text.z_log_msg2_runtime_create.constprop.0
                0x0000000000008694       0x20 zephyr/arch/arch/arm/core/aarch32/cortex_m/libarch__arm__core__aarch32__cortex_m.a(fault.c.obj)
 .text.z_log_msg2_runtime_create.constprop.0
                0x00000000000086b4       0x20 zephyr/arch/arch/arm/core/aarch32/mpu/libarch__arm__core__aarch32__mpu.a(arm_mpu.c.obj)
 .text.strcpy   0x00000000000086d4       0x14 zephyr/lib/libc/minimal/liblib__libc__minimal.a(string.c.obj)
                0x00000000000086d4                strcpy
 .text.strlen   0x00000000000086e8        0xe zephyr/lib/libc/minimal/liblib__libc__minimal.a(string.c.obj)
                0x00000000000086e8                strlen
 .text.strnlen  0x00000000000086f6       0x12 zephyr/lib/libc/minimal/liblib__libc__minimal.a(string.c.obj)
                0x00000000000086f6                strnlen
 .text.memcpy   0x0000000000008708       0x16 zephyr/lib/libc/minimal/liblib__libc__minimal.a(string.c.obj)
                0x0000000000008708                memcpy
 .text.memset   0x000000000000871e       0x12 zephyr/lib/libc/minimal/liblib__libc__minimal.a(string.c.obj)
                0x000000000000871e                memset
 .text._stdout_hook_default
                0x0000000000008730        0x6 zephyr/lib/libc/minimal/liblib__libc__minimal.a(stdout_console.c.obj)
 .text.pm_state_set
                0x0000000000008736       0x18 zephyr/soc/arm/nordic_nrf/nrf52/libsoc__arm__nordic_nrf__nrf52.a(power.c.obj)
                0x0000000000008736                pm_state_set
 .text.pm_state_exit_post_ops
                0x000000000000874e        0xc zephyr/soc/arm/nordic_nrf/nrf52/libsoc__arm__nordic_nrf__nrf52.a(power.c.obj)
                0x000000000000874e                pm_state_exit_post_ops
 .text.z_log_msg2_runtime_create.constprop.0
                0x000000000000875a       0x20 zephyr/drivers/adc/libdrivers__adc.a(adc_nrfx_saadc.c.obj)
 .text.adc_context_on_timer_expired
                0x000000000000877a       0x2e zephyr/drivers/adc/libdrivers__adc.a(adc_nrfx_saadc.c.obj)
 .text.set_on_state
                0x00000000000087a8       0x26 zephyr/drivers/clock_control/libdrivers__clock_control.a(clock_control_nrf.c.obj)
 .text.async_start
                0x00000000000087ce       0x60 zephyr/drivers/clock_control/libdrivers__clock_control.a(clock_control_nrf.c.obj)
 .text.api_start
                0x000000000000882e        0xe zephyr/drivers/clock_control/libdrivers__clock_control.a(clock_control_nrf.c.obj)
 .text.onoff_started_callback
                0x000000000000883c        0xc zephyr/drivers/clock_control/libdrivers__clock_control.a(clock_control_nrf.c.obj)
 .text.lfclk_start
                0x0000000000008848        0x6 zephyr/drivers/clock_control/libdrivers__clock_control.a(clock_control_nrf.c.obj)
 .text.lfclk_stop
                0x000000000000884e        0x6 zephyr/drivers/clock_control/libdrivers__clock_control.a(clock_control_nrf.c.obj)
 .text.api_stop
                0x0000000000008854        0x6 zephyr/drivers/clock_control/libdrivers__clock_control.a(clock_control_nrf.c.obj)
 .text.blocking_start_callback
                0x000000000000885a        0x6 zephyr/drivers/clock_control/libdrivers__clock_control.a(clock_control_nrf.c.obj)
 .text.gpio_nrfx_port_get_raw
                0x0000000000008860        0xe zephyr/drivers/gpio/libdrivers__gpio.a(gpio_nrfx.c.obj)
 .text.gpio_nrfx_port_set_masked_raw
                0x000000000000886e       0x16 zephyr/drivers/gpio/libdrivers__gpio.a(gpio_nrfx.c.obj)
 .text.gpio_nrfx_port_set_bits_raw
                0x0000000000008884        0xc zephyr/drivers/gpio/libdrivers__gpio.a(gpio_nrfx.c.obj)
 .text.gpio_nrfx_port_clear_bits_raw
                0x0000000000008890        0xc zephyr/drivers/gpio/libdrivers__gpio.a(gpio_nrfx.c.obj)
 .text.gpio_nrfx_port_toggle_bits
                0x000000000000889c       0x12 zephyr/drivers/gpio/libdrivers__gpio.a(gpio_nrfx.c.obj)
 .text.uarte_nrfx_config_get
                0x00000000000088ae       0x10 zephyr/drivers/serial/libdrivers__serial.a(uart_nrfx_uarte.c.obj)
 .text.uarte_nrfx_err_check
                0x00000000000088be        0xe zephyr/drivers/serial/libdrivers__serial.a(uart_nrfx_uarte.c.obj)
 .text.uarte_nrfx_poll_in
                0x00000000000088cc       0x26 zephyr/drivers/serial/libdrivers__serial.a(uart_nrfx_uarte.c.obj)
 .text.is_tx_ready.isra.0
                0x00000000000088f2       0x20 zephyr/drivers/serial/libdrivers__serial.a(uart_nrfx_uarte.c.obj)
 .text.uarte_nrfx_isr_int
                0x0000000000008912       0x72 zephyr/drivers/serial/libdrivers__serial.a(uart_nrfx_uarte.c.obj)
 .text.uarte_1_init
                0x0000000000008984       0x1e zephyr/drivers/serial/libdrivers__serial.a(uart_nrfx_uarte.c.obj)
 .text.uarte_0_init
                0x00000000000089a2       0x1e zephyr/drivers/serial/libdrivers__serial.a(uart_nrfx_uarte.c.obj)
 .text.sys_clock_idle_exit
                0x00000000000089c0        0x2 zephyr/drivers/timer/libdrivers__timer.a(sys_clock_init.c.obj)
                0x00000000000089c0                sys_clock_idle_exit
 .text.sys_clock_cycle_get_32
                0x00000000000089c2        0x8 zephyr/drivers/timer/libdrivers__timer.a(nrf_rtc_timer.c.obj)
                0x00000000000089c2                sys_clock_cycle_get_32
 .text.pinctrl_lookup_state
                0x00000000000089ca       0x30 zephyr/drivers/pinctrl/libdrivers__pinctrl.a(common.c.obj)
                0x00000000000089ca                pinctrl_lookup_state
 .text.nrf_gpio_pin_clear
                0x00000000000089fa       0x1a zephyr/drivers/pinctrl/libdrivers__pinctrl.a(pinctrl_nrf.c.obj)
 .text.nrf_gpio_pin_set
                0x0000000000008a14       0x1a zephyr/drivers/pinctrl/libdrivers__pinctrl.a(pinctrl_nrf.c.obj)
 .text.nrf_gpio_pin_write
                0x0000000000008a2e        0xa zephyr/drivers/pinctrl/libdrivers__pinctrl.a(pinctrl_nrf.c.obj)
 .text.nrf_pin_configure
                0x0000000000008a38       0x40 zephyr/drivers/pinctrl/libdrivers__pinctrl.a(pinctrl_nrf.c.obj)
 .text.pinctrl_configure_pins
                0x0000000000008a78      0x13e zephyr/drivers/pinctrl/libdrivers__pinctrl.a(pinctrl_nrf.c.obj)
                0x0000000000008a78                pinctrl_configure_pins
 .text.hw_cc3xx_init_internal
                0x0000000000008bb6        0x4 modules/nrf/drivers/hw_cc310/lib..__nrf__drivers__hw_cc310.a(hw_cc310.c.obj)
 .text.hw_cc3xx_init
                0x0000000000008bba       0x12 modules/nrf/drivers/hw_cc310/lib..__nrf__drivers__hw_cc310.a(hw_cc310.c.obj)
 .text.nrf52_errata_36
                0x0000000000008bcc       0x12 modules/hal_nordic/nrfx/libmodules__hal_nordic__nrfx.a(system_nrf52840.c.obj)
 .text.nrfx_isr
                0x0000000000008bde        0x2 modules/hal_nordic/nrfx/libmodules__hal_nordic__nrfx.a(nrfx_glue.c.obj)
                0x0000000000008bde                nrfx_isr
 .text.nrfx_busy_wait
                0x0000000000008be0        0x4 modules/hal_nordic/nrfx/libmodules__hal_nordic__nrfx.a(nrfx_glue.c.obj)
                0x0000000000008be0                nrfx_busy_wait
 .text.nrf_gpio_pin_present_check
                0x0000000000008be4       0x22 modules/hal_nordic/nrfx/libmodules__hal_nordic__nrfx.a(nrfx_gpiote.c.obj)
 .text.pin_is_task_output
                0x0000000000008c06       0x16 modules/hal_nordic/nrfx/libmodules__hal_nordic__nrfx.a(nrfx_gpiote.c.obj)
 .text.nrf_gpiote_in_event_get
                0x0000000000008c1c        0x8 modules/hal_nordic/nrfx/libmodules__hal_nordic__nrfx.a(nrfx_gpiote.c.obj)
 .text.nrf_gpio_reconfigure
                0x0000000000008c24       0x96 modules/hal_nordic/nrfx/libmodules__hal_nordic__nrfx.a(nrfx_gpiote.c.obj)
 .text.nrf_gpio_cfg_sense_set
                0x0000000000008cba       0x1e modules/hal_nordic/nrfx/libmodules__hal_nordic__nrfx.a(nrfx_gpiote.c.obj)
 .text.SEGGER_RTT_Init
                0x0000000000008cd8        0x4 modules/segger/libmodules__segger.a(SEGGER_RTT.c.obj)
                0x0000000000008cd8                SEGGER_RTT_Init
 .text.rtt_init
                0x0000000000008cdc        0xa modules/segger/libmodules__segger.a(SEGGER_RTT_zephyr.c.obj)
 .text.z_device_state_init
                0x0000000000008ce6        0x2 zephyr/kernel/libkernel.a(device.c.obj)
                0x0000000000008ce6                z_device_state_init
 .text.z_device_is_ready
                0x0000000000008ce8       0x14 zephyr/kernel/libkernel.a(device.c.obj)
                0x0000000000008ce8                z_device_is_ready
 .text.z_log_msg2_runtime_create.constprop.0
                0x0000000000008cfc       0x20 zephyr/kernel/libkernel.a(fatal.c.obj)
 .text.z_early_memset
                0x0000000000008d1c        0x4 zephyr/kernel/libkernel.a(init.c.obj)
                0x0000000000008d1c                z_early_memset
 .text.z_early_memcpy
                0x0000000000008d20        0x4 zephyr/kernel/libkernel.a(init.c.obj)
                0x0000000000008d20                z_early_memcpy
 .text.k_mem_slab_init
                0x0000000000008d24       0x38 zephyr/kernel/libkernel.a(mem_slab.c.obj)
                0x0000000000008d24                k_mem_slab_init
 .text.k_is_in_isr
                0x0000000000008d5c        0xc zephyr/kernel/libkernel.a(thread.c.obj)
                0x0000000000008d5c                k_is_in_isr
 .text.k_thread_name_get
                0x0000000000008d68        0x4 zephyr/kernel/libkernel.a(thread.c.obj)
                0x0000000000008d68                k_thread_name_get
 .text.z_pm_save_idle_exit
                0x0000000000008d6c        0xe zephyr/kernel/libkernel.a(idle.c.obj)
                0x0000000000008d6c                z_pm_save_idle_exit
 .text.adjust_owner_prio.isra.0
                0x0000000000008d7a       0x10 zephyr/kernel/libkernel.a(mutex.c.obj)
 .text.z_impl_k_mutex_init
                0x0000000000008d8a        0xe zephyr/kernel/libkernel.a(mutex.c.obj)
                0x0000000000008d8a                z_impl_k_mutex_init
 .text.z_impl_k_sem_init
                0x0000000000008d98       0x18 zephyr/kernel/libkernel.a(sem.c.obj)
                0x0000000000008d98                z_impl_k_sem_init
 .text.z_reschedule_irqlock
                0x0000000000008db0       0x18 zephyr/kernel/libkernel.a(sched.c.obj)
                0x0000000000008db0                z_reschedule_irqlock
 .text.z_reschedule_unlocked
                0x0000000000008dc8       0x14 zephyr/kernel/libkernel.a(sched.c.obj)
 .text.z_priq_dumb_best
                0x0000000000008ddc        0xc zephyr/kernel/libkernel.a(sched.c.obj)
                0x0000000000008ddc                z_priq_dumb_best
 .text.sys_clock_tick_get_32
                0x0000000000008de8        0x8 zephyr/kernel/libkernel.a(timeout.c.obj)
                0x0000000000008de8                sys_clock_tick_get_32
 .text.z_impl_k_uptime_ticks
                0x0000000000008df0        0x4 zephyr/kernel/libkernel.a(timeout.c.obj)
                0x0000000000008df0                z_impl_k_uptime_ticks
 .text.z_impl_k_busy_wait
                0x0000000000008df4        0x8 zephyr/kernel/libkernel.a(timeout.c.obj)
                0x0000000000008df4                z_impl_k_busy_wait
 .text.z_impl_k_timer_stop
                0x0000000000008dfc       0x3a zephyr/kernel/libkernel.a(timer.c.obj)
                0x0000000000008dfc                z_impl_k_timer_stop
 .text.k_heap_init
                0x0000000000008e36       0x10 zephyr/kernel/libkernel.a(kheap.c.obj)
                0x0000000000008e36                k_heap_init
 *(SORT_BY_ALIGNMENT(.TEXT.*))
 *fill*         0x0000000000008e46        0x2 
 .TEXT.z_arm_platform_init
                0x0000000000008e48        0x4 zephyr/libzephyr.a(soc_nrf_common.S.obj)
                0x0000000000008e48                z_arm_platform_init
 *(SORT_BY_ALIGNMENT(.gnu.linkonce.t.*))
 *(SORT_BY_ALIGNMENT(.glue_7t))
 .glue_7t       0x0000000000008e4c        0x0 linker stubs
 *(SORT_BY_ALIGNMENT(.glue_7))
 .glue_7        0x0000000000008e4c        0x0 linker stubs
 *(SORT_BY_ALIGNMENT(.vfp11_veneer))
 .vfp11_veneer  0x0000000000008e4c        0x0 linker stubs
 *(SORT_BY_ALIGNMENT(.v4_bx))
 .v4_bx         0x0000000000008e4c        0x0 linker stubs
                0x0000000000008e4c                __text_region_end = .

.ARM.exidx      0x0000000000008e4c        0x8
                0x0000000000008e4c                __exidx_start = .
 *(SORT_BY_ALIGNMENT(.ARM.exidx*) SORT_BY_ALIGNMENT(gnu.linkonce.armexidx.*))
 .ARM.exidx     0x0000000000008e4c        0x8 /home/rt/zephyr-sdk-0.14.1/arm-zephyr-eabi/bin/../lib/gcc/arm-zephyr-eabi/10.3.0/thumb/v7e-m/nofp/libgcc.a(_udivmoddi4.o)
                0x0000000000008e54                __exidx_end = .
                0x0000000000008e54                __rodata_region_start = .

initlevel       0x0000000000008e54       0x78
                0x0000000000008e54                __init_start = .
                0x0000000000008e54                __init_PRE_KERNEL_1_start = .
 *(SORT_BY_NAME(SORT_BY_ALIGNMENT(.z_init_PRE_KERNEL_1[0-9]_*)))
 .z_init_PRE_KERNEL_10_
                0x0000000000008e54        0x8 zephyr/soc/arm/nordic_nrf/nrf52/libsoc__arm__nordic_nrf__nrf52.a(soc.c.obj)
 *(SORT_BY_NAME(SORT_BY_ALIGNMENT(.z_init_PRE_KERNEL_1[1-9][0-9]_*)))
 .z_init_PRE_KERNEL_130_
                0x0000000000008e5c        0x8 zephyr/drivers/clock_control/libdrivers__clock_control.a(clock_control_nrf.c.obj)
 .z_init_PRE_KERNEL_130_
                0x0000000000008e64        0x8 modules/segger/libmodules__segger.a(SEGGER_RTT_zephyr.c.obj)
 .z_init_PRE_KERNEL_130_
                0x0000000000008e6c        0x8 zephyr/kernel/libkernel.a(mem_slab.c.obj)
 .z_init_PRE_KERNEL_130_
                0x0000000000008e74        0x8 zephyr/kernel/libkernel.a(kheap.c.obj)
 .z_init_PRE_KERNEL_140_
                0x0000000000008e7c       0x10 zephyr/drivers/gpio/libdrivers__gpio.a(gpio_nrfx.c.obj)
 .z_init_PRE_KERNEL_140_
                0x0000000000008e8c        0x8 modules/nrf/drivers/hw_cc310/lib..__nrf__drivers__hw_cc310.a(hw_cc310.c.obj)
 .z_init_PRE_KERNEL_155_
                0x0000000000008e94       0x10 zephyr/drivers/serial/libdrivers__serial.a(uart_nrfx_uarte.c.obj)
 .z_init_PRE_KERNEL_160_
                0x0000000000008ea4        0x8 zephyr/drivers/console/libdrivers__console.a(uart_console.c.obj)
                0x0000000000008eac                __init_PRE_KERNEL_2_start = .
 *(SORT_BY_NAME(SORT_BY_ALIGNMENT(.z_init_PRE_KERNEL_2[0-9]_*)))
 .z_init_PRE_KERNEL_20_
                0x0000000000008eac        0x8 zephyr/drivers/timer/libdrivers__timer.a(nrf_rtc_timer.c.obj)
 *(SORT_BY_NAME(SORT_BY_ALIGNMENT(.z_init_PRE_KERNEL_2[1-9][0-9]_*)))
                0x0000000000008eb4                __init_POST_KERNEL_start = .
 *(SORT_BY_NAME(SORT_BY_ALIGNMENT(.z_init_POST_KERNEL[0-9]_*)))
 .z_init_POST_KERNEL0_
                0x0000000000008eb4        0x8 zephyr/libzephyr.a(log_core.c.obj)
 *(SORT_BY_NAME(SORT_BY_ALIGNMENT(.z_init_POST_KERNEL[1-9][0-9]_*)))
 .z_init_POST_KERNEL40_
                0x0000000000008ebc        0x8 modules/nrf/drivers/hw_cc310/lib..__nrf__drivers__hw_cc310.a(hw_cc310.c.obj)
 .z_init_POST_KERNEL50_
                0x0000000000008ec4        0x8 zephyr/drivers/adc/libdrivers__adc.a(adc_nrfx_saadc.c.obj)
                0x0000000000008ecc                __init_APPLICATION_start = .
 *(SORT_BY_NAME(SORT_BY_ALIGNMENT(.z_init_APPLICATION[0-9]_*)))
 *(SORT_BY_NAME(SORT_BY_ALIGNMENT(.z_init_APPLICATION[1-9][0-9]_*)))
                0x0000000000008ecc                __init_SMP_start = .
 *(SORT_BY_NAME(SORT_BY_ALIGNMENT(.z_init_SMP[0-9]_*)))
 *(SORT_BY_NAME(SORT_BY_ALIGNMENT(.z_init_SMP[1-9][0-9]_*)))
                0x0000000000008ecc                __init_end = .

devices         0x0000000000008ecc       0x90
                0x0000000000008ecc                __device_start = .
                0x0000000000008ecc                __device_PRE_KERNEL_1_start = .
 *(SORT_BY_NAME(SORT_BY_ALIGNMENT(.z_device_PRE_KERNEL_1[0-9]_*)))
 *(SORT_BY_NAME(SORT_BY_ALIGNMENT(.z_device_PRE_KERNEL_1[1-9][0-9]_*)))
 .z_device_PRE_KERNEL_130_
                0x0000000000008ecc       0x18 zephyr/drivers/clock_control/libdrivers__clock_control.a(clock_control_nrf.c.obj)
                0x0000000000008ecc                __device_dts_ord_72
 .z_device_PRE_KERNEL_140_
                0x0000000000008ee4       0x30 zephyr/drivers/gpio/libdrivers__gpio.a(gpio_nrfx.c.obj)
                0x0000000000008ee4                __device_dts_ord_11
                0x0000000000008efc                __device_dts_ord_104
 .z_device_PRE_KERNEL_155_
                0x0000000000008f14       0x30 zephyr/drivers/serial/libdrivers__serial.a(uart_nrfx_uarte.c.obj)
                0x0000000000008f14                __device_dts_ord_113
                0x0000000000008f2c                __device_dts_ord_112
                0x0000000000008f44                __device_PRE_KERNEL_2_start = .
 *(SORT_BY_NAME(SORT_BY_ALIGNMENT(.z_device_PRE_KERNEL_2[0-9]_*)))
 *(SORT_BY_NAME(SORT_BY_ALIGNMENT(.z_device_PRE_KERNEL_2[1-9][0-9]_*)))
                0x0000000000008f44                __device_POST_KERNEL_start = .
 *(SORT_BY_NAME(SORT_BY_ALIGNMENT(.z_device_POST_KERNEL[0-9]_*)))
 *(SORT_BY_NAME(SORT_BY_ALIGNMENT(.z_device_POST_KERNEL[1-9][0-9]_*)))
 .z_device_POST_KERNEL50_
                0x0000000000008f44       0x18 zephyr/drivers/adc/libdrivers__adc.a(adc_nrfx_saadc.c.obj)
                0x0000000000008f44                __device_dts_ord_70
                0x0000000000008f5c                __device_APPLICATION_start = .
 *(SORT_BY_NAME(SORT_BY_ALIGNMENT(.z_device_APPLICATION[0-9]_*)))
 *(SORT_BY_NAME(SORT_BY_ALIGNMENT(.z_device_APPLICATION[1-9][0-9]_*)))
                0x0000000000008f5c                __device_SMP_start = .
 *(SORT_BY_NAME(SORT_BY_ALIGNMENT(.z_device_SMP[0-9]_*)))
 *(SORT_BY_NAME(SORT_BY_ALIGNMENT(.z_device_SMP[1-9][0-9]_*)))
                0x0000000000008f5c                __device_end = .

sw_isr_table    0x0000000000008f5c      0x180
                0x0000000000008f5c                . = ALIGN (0x0)
 *(SORT_BY_ALIGNMENT(.gnu.linkonce.sw_isr_table*))
 .gnu.linkonce.sw_isr_table
                0x0000000000008f5c      0x180 zephyr/arch/common/libisr_tables.a(isr_tables.c.obj)
                0x0000000000008f5c                _sw_isr_table

initlevel_error
                0x0000000000008e54        0x0
 *(SORT_BY_NAME(SORT_BY_ALIGNMENT(.z_init_[_A-Z0-9]*)))
                0x0000000000000001                ASSERT ((SIZEOF (initlevel_error) == 0x0), Undefined initialization levels used.)

app_shmem_regions
                0x00000000000090dc        0x0
                0x00000000000090dc                __app_shmem_regions_start = .
 *(SORT_BY_NAME(SORT_BY_ALIGNMENT(.app_regions.*)))
                0x00000000000090dc                __app_shmem_regions_end = .

bt_l2cap_fixed_chan_area
                0x00000000000090dc        0x0
                0x00000000000090dc                _bt_l2cap_fixed_chan_list_start = .
 *(SORT_BY_NAME(SORT_BY_ALIGNMENT(._bt_l2cap_fixed_chan.static.*)))
                0x00000000000090dc                _bt_l2cap_fixed_chan_list_end = .

bt_gatt_service_static_area
                0x00000000000090dc        0x0
                0x00000000000090dc                _bt_gatt_service_static_list_start = .
 *(SORT_BY_NAME(SORT_BY_ALIGNMENT(._bt_gatt_service_static.static.*)))
                0x00000000000090dc                _bt_gatt_service_static_list_end = .

k_p4wq_initparam_area
                0x00000000000090dc        0x0
                0x00000000000090dc                _k_p4wq_initparam_list_start = .
 *(SORT_BY_NAME(SORT_BY_ALIGNMENT(._k_p4wq_initparam.static.*)))
                0x00000000000090dc                _k_p4wq_initparam_list_end = .

log_strings_sections
                0x00000000000090dc        0x0
                0x00000000000090dc                __log_strings_start = .
 *(SORT_BY_NAME(SORT_BY_ALIGNMENT(.log_strings*)))
                0x00000000000090dc                __log_strings_end = .

log_const_sections
                0x00000000000090dc       0x50
                0x00000000000090dc                __log_const_start = .
 *(SORT_BY_NAME(SORT_BY_ALIGNMENT(.log_const_*)))
 .log_const_adc_nrfx_saadc
                0x00000000000090dc        0x8 zephyr/drivers/adc/libdrivers__adc.a(adc_nrfx_saadc.c.obj)
                0x00000000000090dc                log_const_adc_nrfx_saadc
 .log_const_clock_control
                0x00000000000090e4        0x8 zephyr/drivers/clock_control/libdrivers__clock_control.a(clock_control_nrf.c.obj)
                0x00000000000090e4                log_const_clock_control
 .log_const_fatal_error
                0x00000000000090ec        0x8 modules/nrf/lib/fatal_error/lib..__nrf__lib__fatal_error.a(fatal_error.c.obj)
                0x00000000000090ec                log_const_fatal_error
 .log_const_log
                0x00000000000090f4        0x8 zephyr/libzephyr.a(log_core.c.obj)
                0x00000000000090f4                log_const_log
 .log_const_log_uart
                0x00000000000090fc        0x8 zephyr/libzephyr.a(log_backend_uart.c.obj)
                0x00000000000090fc                log_const_log_uart
 .log_const_mpu
                0x0000000000009104        0x8 zephyr/arch/arch/arm/core/aarch32/mpu/libarch__arm__core__aarch32__mpu.a(arm_core_mpu.c.obj)
                0x0000000000009104                log_const_mpu
 .log_const_os  0x000000000000910c        0x8 zephyr/kernel/libkernel.a(init.c.obj)
                0x000000000000910c                log_const_os
 .log_const_pm  0x0000000000009114        0x8 zephyr/libzephyr.a(pm.c.obj)
                0x0000000000009114                log_const_pm
 .log_const_soc
                0x000000000000911c        0x8 zephyr/soc/arm/nordic_nrf/nrf52/libsoc__arm__nordic_nrf__nrf52.a(soc.c.obj)
                0x000000000000911c                log_const_soc
 .log_const_uart_nrfx_uarte
                0x0000000000009124        0x8 zephyr/drivers/serial/libdrivers__serial.a(uart_nrfx_uarte.c.obj)
                0x0000000000009124                log_const_uart_nrfx_uarte
                0x000000000000912c                __log_const_end = .

log_backends_sections
                0x000000000000912c       0x20
                0x000000000000912c                __log_backends_start = .
 *(SORT_BY_ALIGNMENT(._log_backend.*))
 ._log_backend.static.log_backend_uart
                0x000000000000912c       0x10 zephyr/libzephyr.a(log_backend_uart.c.obj)
 ._log_backend.static.log_backend_rtt
                0x000000000000913c       0x10 zephyr/libzephyr.a(log_backend_rtt.c.obj)
                0x000000000000914c                __log_backends_end = .

shell_area      0x000000000000914c        0x0
                0x000000000000914c                _shell_list_start = .
 *(SORT_BY_NAME(SORT_BY_ALIGNMENT(._shell.static.*)))
                0x000000000000914c                _shell_list_end = .

shell_root_cmds_sections
                0x000000000000914c        0x0
                0x000000000000914c                __shell_root_cmds_start = .
 *(SORT_BY_NAME(SORT_BY_ALIGNMENT(.shell_root_cmd_*)))
                0x000000000000914c                __shell_root_cmds_end = .

font_entry_sections
                0x000000000000914c        0x0
                0x000000000000914c                __font_entry_start = .
 *(SORT_BY_NAME(SORT_BY_ALIGNMENT(._cfb_font.*)))
                0x000000000000914c                __font_entry_end = .

tracing_backend_area
                0x000000000000914c        0x0
                0x000000000000914c                _tracing_backend_list_start = .
 *(SORT_BY_NAME(SORT_BY_ALIGNMENT(._tracing_backend.static.*)))
                0x000000000000914c                _tracing_backend_list_end = .

zephyr_dbg_info
 *(SORT_BY_ALIGNMENT(.dbg_thread_info))

device_handles  0x000000000000914c       0x52
                0x000000000000914c                __device_handles_start = .
 *(SORT_BY_NAME(SORT_BY_ALIGNMENT(.__device_handles_pass1*)))
 .__device_handles_pass1
                0x000000000000914c        0xa zephyr/drivers/adc/libdrivers__adc.a(adc_nrfx_saadc.c.obj)
                0x000000000000914c                __devicehdl_DT_N_S_soc_S_adc_40007000
 .__device_handles_pass1
                0x0000000000009156        0xa zephyr/drivers/clock_control/libdrivers__clock_control.a(clock_control_nrf.c.obj)
                0x0000000000009156                __devicehdl_DT_N_S_soc_S_clock_40000000
 .__device_handles_pass1
                0x0000000000009160       0x22 zephyr/drivers/gpio/libdrivers__gpio.a(gpio_nrfx.c.obj)
                0x0000000000009160                __devicehdl_DT_N_S_soc_S_gpio_50000300
                0x000000000000916a                __devicehdl_DT_N_S_soc_S_gpio_50000000
 .__device_handles_pass1
                0x0000000000009182       0x1c zephyr/drivers/serial/libdrivers__serial.a(uart_nrfx_uarte.c.obj)
                0x0000000000009182                __devicehdl_DT_N_S_soc_S_uart_40028000
                0x0000000000009190                __devicehdl_DT_N_S_soc_S_uart_40002000
                0x000000000000919e                __device_handles_end = .

rodata          0x00000000000091a0     0x1b88
 *(SORT_BY_ALIGNMENT(.rodata))
 *(SORT_BY_ALIGNMENT(.rodata.*))
 .rodata.delay_machine_code.0
                0x00000000000091a0        0x6 zephyr/soc/arm/nordic_nrf/nrf52/libsoc__arm__nordic_nrf__nrf52.a(soc.c.obj)
 *fill*         0x00000000000091a6        0x2 
 .rodata.format_table
                0x00000000000091a8        0xc zephyr/libzephyr.a(log_core.c.obj)
 .rodata.colors
                0x00000000000091b4       0x14 zephyr/libzephyr.a(log_output.c.obj)
 .rodata.severity
                0x00000000000091c8       0x14 zephyr/libzephyr.a(log_output.c.obj)
 .rodata.log_backend_uart_api
                0x00000000000091dc       0x20 zephyr/libzephyr.a(log_backend_uart.c.obj)
                0x00000000000091dc                log_backend_uart_api
 .rodata.log_output_uart
                0x00000000000091fc       0x10 zephyr/libzephyr.a(log_backend_uart.c.obj)
 .rodata.log_backend_rtt_api
                0x000000000000920c       0x20 zephyr/libzephyr.a(log_backend_rtt.c.obj)
                0x000000000000920c                log_backend_rtt_api
 .rodata.log_output_rtt
                0x000000000000922c       0x10 zephyr/libzephyr.a(log_backend_rtt.c.obj)
 .rodata.pmstates_DT_N_S_cpus_S_cpu_0
                0x000000000000923c        0x0 zephyr/libzephyr.a(state.c.obj)
 .rodata.apis   0x000000000000923c        0x8 zephyr/libzephyr.a(nrf_cc3xx_platform_abort_zephyr.c.obj)
 .rodata.mutex_apis
                0x0000000000009244       0x10 zephyr/libzephyr.a(nrf_cc3xx_platform_mutex_zephyr.c.obj)
 .rodata.mutexes
                0x0000000000009254       0x14 zephyr/libzephyr.a(nrf_cc3xx_platform_mutex_zephyr.c.obj)
 .rodata.static_regions
                0x0000000000009268        0xc zephyr/arch/arch/arm/core/aarch32/mpu/libarch__arm__core__aarch32__mpu.a(arm_core_mpu.c.obj)
 .rodata.mpu_config
                0x0000000000009274        0x8 zephyr/soc/arm/common/cortex_m/libsoc__arm__common__cortex_m.a(arm_mpu_regions.c.obj)
                0x0000000000009274                mpu_config
 .rodata.mpu_regions
                0x000000000000927c       0x18 zephyr/soc/arm/common/cortex_m/libsoc__arm__common__cortex_m.a(arm_mpu_regions.c.obj)
 .rodata.adc_nrfx_driver_api
                0x0000000000009294        0xc zephyr/drivers/adc/libdrivers__adc.a(adc_nrfx_saadc.c.obj)
 .rodata.clock_control_api
                0x00000000000092a0       0x18 zephyr/drivers/clock_control/libdrivers__clock_control.a(clock_control_nrf.c.obj)
 .rodata.config
                0x00000000000092b8       0x18 zephyr/drivers/clock_control/libdrivers__clock_control.a(clock_control_nrf.c.obj)
 .rodata.transitions.0
                0x00000000000092d0        0xc zephyr/drivers/clock_control/libdrivers__clock_control.a(clock_control_nrf.c.obj)
 .rodata.gpio_nrfx_drv_api_funcs
                0x00000000000092dc       0x24 zephyr/drivers/gpio/libdrivers__gpio.a(gpio_nrfx.c.obj)
 .rodata.gpio_nrfx_p0_cfg
                0x0000000000009300       0x10 zephyr/drivers/gpio/libdrivers__gpio.a(gpio_nrfx.c.obj)
 .rodata.gpio_nrfx_p1_cfg
                0x0000000000009310       0x10 zephyr/drivers/gpio/libdrivers__gpio.a(gpio_nrfx.c.obj)
 .rodata.__pinctrl_dev_config__device_dts_ord_112
                0x0000000000009320        0xc zephyr/drivers/serial/libdrivers__serial.a(uart_nrfx_uarte.c.obj)
 .rodata.__pinctrl_dev_config__device_dts_ord_113
                0x000000000000932c        0xc zephyr/drivers/serial/libdrivers__serial.a(uart_nrfx_uarte.c.obj)
 .rodata.__pinctrl_state_pins_0__device_dts_ord_112
                0x0000000000009338       0x10 zephyr/drivers/serial/libdrivers__serial.a(uart_nrfx_uarte.c.obj)
 .rodata.__pinctrl_state_pins_0__device_dts_ord_113
                0x0000000000009348        0x8 zephyr/drivers/serial/libdrivers__serial.a(uart_nrfx_uarte.c.obj)
 .rodata.__pinctrl_states__device_dts_ord_112
                0x0000000000009350        0x8 zephyr/drivers/serial/libdrivers__serial.a(uart_nrfx_uarte.c.obj)
 .rodata.__pinctrl_states__device_dts_ord_113
                0x0000000000009358        0x8 zephyr/drivers/serial/libdrivers__serial.a(uart_nrfx_uarte.c.obj)
 .rodata.uart_nrfx_uarte_driver_api
                0x0000000000009360       0x14 zephyr/drivers/serial/libdrivers__serial.a(uart_nrfx_uarte.c.obj)
 .rodata.uarte_0z_config
                0x0000000000009374       0x10 zephyr/drivers/serial/libdrivers__serial.a(uart_nrfx_uarte.c.obj)
 .rodata.uarte_1z_config
                0x0000000000009384       0x10 zephyr/drivers/serial/libdrivers__serial.a(uart_nrfx_uarte.c.obj)
 .rodata.levels.0
                0x0000000000009394       0x14 zephyr/kernel/libkernel.a(device.c.obj)
 .rodata._k_neg_eagain
                0x00000000000093a8        0x4 zephyr/kernel/libkernel.a(errno.c.obj)
                0x00000000000093a8                _k_neg_eagain
 .rodata.CSWTCH.16
                0x00000000000093ac       0x14 zephyr/kernel/libkernel.a(fatal.c.obj)
 .rodata.CSWTCH.12
                0x00000000000093c0       0x1c /home/rt/ncs/nrfxlib/crypto/nrf_cc310_platform/lib/cortex-m4/soft-float/no-interrupts/libnrf_cc310_platform_0.9.14.a(nrf_cc3xx_platform.c.obj)
 .rodata.mutex_free.str1.4
                0x00000000000093dc       0x26 /home/rt/ncs/nrfxlib/crypto/nrf_cc310_platform/lib/cortex-m4/soft-float/no-interrupts/libnrf_cc310_platform_0.9.14.a(nrf_cc3xx_platform_mutex.c.obj)
 *fill*         0x0000000000009402        0x2 
 .rodata.mutex_init.str1.4
                0x0000000000009404       0x23 /home/rt/ncs/nrfxlib/crypto/nrf_cc310_platform/lib/cortex-m4/soft-float/no-interrupts/libnrf_cc310_platform_0.9.14.a(nrf_cc3xx_platform_mutex.c.obj)
 *fill*         0x0000000000009427        0x1 
 .rodata.CC_PalPowerSaveModeInit.str1.4
                0x0000000000009428       0x20 /home/rt/ncs/nrfxlib/crypto/nrf_cc310_platform/lib/cortex-m4/soft-float/no-interrupts/libnrf_cc310_platform_0.9.14.a(cc_pal_pm.c.obj)
 .rodata.thread_A_code.str1.1
                0x0000000000009448       0x54 app/libapp.a(main.c.obj)
 .rodata.cbvprintf_package.str1.1
                0x000000000000949c       0xb2 zephyr/libzephyr.a(cbprintf_packaged.c.obj)
                                         0xb4 (size before relaxing)
 .rodata.sys_notify_finalize.str1.1
                0x000000000000954e       0x23 zephyr/libzephyr.a(notify.c.obj)
                                         0x42 (size before relaxing)
 .rodata.process_event.str1.1
                0x0000000000009571      0x129 zephyr/libzephyr.a(onoff.c.obj)
                                        0x148 (size before relaxing)
 .rodata.sys_heap_free.str1.1
                0x000000000000969a       0xcc zephyr/libzephyr.a(heap.c.obj)
                                         0xe9 (size before relaxing)
 .rodata.sys_heap_init.str1.1
                0x0000000000009766       0xbb zephyr/libzephyr.a(heap.c.obj)
 .rodata.cbvprintf.str1.1
                0x0000000000009821        0x6 zephyr/libzephyr.a(cbprintf_complete.c.obj)
 .rodata.sys_reboot.str1.1
                0x0000000000009827       0x29 zephyr/libzephyr.a(reboot.c.obj)
 .rodata.msg_process.str1.1
                0x0000000000009850       0x4b zephyr/libzephyr.a(log_core.c.obj)
                                         0x68 (size before relaxing)
 .rodata.z_log_get_s_mask.str1.1
                0x000000000000989b       0x45 zephyr/libzephyr.a(log_core.c.obj)
 .rodata.log_init.str1.1
                0x00000000000098e0       0x24 zephyr/libzephyr.a(log_core.c.obj)
 .rodata.str1.1
                0x0000000000009904        0x4 zephyr/libzephyr.a(log_core.c.obj)
 .rodata.z_impl_log_filter_set.str1.1
                0x0000000000009908       0x58 zephyr/libzephyr.a(log_mgmt.c.obj)
                                         0x75 (size before relaxing)
 .rodata.log_backend_enable.str1.1
                0x0000000000009960       0x38 zephyr/libzephyr.a(log_mgmt.c.obj)
 .rodata.prefix_print.str1.1
                0x0000000000009998       0x40 zephyr/libzephyr.a(log_output.c.obj)
 .rodata.hexdump_line_print.str1.1
                0x00000000000099d8       0x12 zephyr/libzephyr.a(log_output.c.obj)
                                         0x16 (size before relaxing)
 .rodata.log_output_msg_process.str1.1
                0x00000000000099ea       0x3e zephyr/libzephyr.a(log_output.c.obj)
                                         0x5b (size before relaxing)
 .rodata.log_output_msg2_process.str1.1
                0x0000000000009a28        0x9 zephyr/libzephyr.a(log_output.c.obj)
 .rodata.str1.1
                0x0000000000009a31       0x20 zephyr/libzephyr.a(log_output.c.obj)
 .rodata.z_impl_z_log_msg2_static_create.str1.1
                0x0000000000009a51       0x2d zephyr/libzephyr.a(log_msg2.c.obj)
                                         0x53 (size before relaxing)
 .rodata.z_impl_z_log_msg2_runtime_vcreate.str1.1
                0x0000000000009a7e        0xa zephyr/libzephyr.a(log_msg2.c.obj)
 .rodata.log_backend_uart_init.str1.1
                0x0000000000009a88       0x4f zephyr/libzephyr.a(log_backend_uart.c.obj)
                                         0x6c (size before relaxing)
 .rodata.str1.1
                0x0000000000009ad7       0x1a zephyr/libzephyr.a(log_backend_uart.c.obj)
 .rodata.str1.1
                0x0000000000009af1       0x10 zephyr/libzephyr.a(log_backend_rtt.c.obj)
 .rodata.pm_state_notify.str1.1
                0x0000000000009b01       0xa3 zephyr/libzephyr.a(pm.c.obj)
 .rodata.str1.1
                0x0000000000009b01        0x3 zephyr/libzephyr.a(pm.c.obj)
 .rodata.mutex_free_platform.str1.1
                0x0000000000009b04       0x26 zephyr/libzephyr.a(nrf_cc3xx_platform_mutex_zephyr.c.obj)
 .rodata.mutex_init_platform.str1.1
                0x0000000000009b2a       0x2d zephyr/libzephyr.a(nrf_cc3xx_platform_mutex_zephyr.c.obj)
 .rodata.z_arm_fatal_error.str1.1
                0x0000000000009b57       0x9b zephyr/arch/arch/arm/core/aarch32/libarch__arm__core__aarch32.a(fatal.c.obj)
 .rodata.z_arm_irq_priority_set.str1.1
                0x0000000000009bf2       0x91 zephyr/arch/arch/arm/core/aarch32/libarch__arm__core__aarch32.a(irq_manage.c.obj)
                                         0xae (size before relaxing)
 .rodata.bus_fault.constprop.0.str1.1
                0x0000000000009c83       0xca zephyr/arch/arch/arm/core/aarch32/cortex_m/libarch__arm__core__aarch32__cortex_m.a(fault.c.obj)
 .rodata.usage_fault.constprop.0.str1.1
                0x0000000000009d4d       0xcd zephyr/arch/arch/arm/core/aarch32/cortex_m/libarch__arm__core__aarch32__cortex_m.a(fault.c.obj)
 .rodata.mem_manage_fault.str1.1
                0x0000000000009e1a      0x13d zephyr/arch/arch/arm/core/aarch32/cortex_m/libarch__arm__core__aarch32__cortex_m.a(fault.c.obj)
                                        0x15a (size before relaxing)
 .rodata.z_arm_fault.str1.1
                0x0000000000009f57      0x1b6 zephyr/arch/arch/arm/core/aarch32/cortex_m/libarch__arm__core__aarch32__cortex_m.a(fault.c.obj)
                                        0x1b8 (size before relaxing)
 .rodata.str1.1
                0x000000000000a10d        0x4 zephyr/arch/arch/arm/core/aarch32/mpu/libarch__arm__core__aarch32__mpu.a(arm_core_mpu.c.obj)
 .rodata.mpu_configure_regions.str1.1
                0x000000000000a111       0x49 zephyr/arch/arch/arm/core/aarch32/mpu/libarch__arm__core__aarch32__mpu.a(arm_mpu.c.obj)
 .rodata.arm_core_mpu_configure_static_mpu_regions.str1.1
                0x000000000000a15a       0x63 zephyr/arch/arch/arm/core/aarch32/mpu/libarch__arm__core__aarch32__mpu.a(arm_mpu.c.obj)
                                         0x82 (size before relaxing)
 .rodata.arm_core_mpu_configure_dynamic_mpu_regions.str1.1
                0x000000000000a1bd       0x2d zephyr/arch/arch/arm/core/aarch32/mpu/libarch__arm__core__aarch32__mpu.a(arm_mpu.c.obj)
 .rodata.z_arm_mpu_init.str1.1
                0x000000000000a1ea       0xa5 zephyr/arch/arch/arm/core/aarch32/mpu/libarch__arm__core__aarch32__mpu.a(arm_mpu.c.obj)
 .rodata.str1.1
                0x000000000000a28f        0xf zephyr/soc/arm/common/cortex_m/libsoc__arm__common__cortex_m.a(arm_mpu_regions.c.obj)
 .rodata.str1.1
                0x000000000000a29e        0x4 zephyr/soc/arm/nordic_nrf/nrf52/libsoc__arm__nordic_nrf__nrf52.a(soc.c.obj)
 .rodata.CSWTCH.9
                0x000000000000a2a2        0x6 zephyr/soc/arm/nordic_nrf/nrf52/libsoc__arm__nordic_nrf__nrf52.a(soc.c.obj)
 .rodata.adc_nrfx_channel_setup.str1.1
                0x000000000000a2a8       0x6e zephyr/drivers/adc/libdrivers__adc.a(adc_nrfx_saadc.c.obj)
 .rodata.adc_nrfx_read.str1.1
                0x000000000000a316       0xd7 zephyr/drivers/adc/libdrivers__adc.a(adc_nrfx_saadc.c.obj)
 .rodata.str1.1
                0x000000000000a3ed       0x15 zephyr/drivers/adc/libdrivers__adc.a(adc_nrfx_saadc.c.obj)
 .rodata.get_status.str1.1
                0x000000000000a402       0x61 zephyr/drivers/clock_control/libdrivers__clock_control.a(clock_control_nrf.c.obj)
                                         0x7e (size before relaxing)
 .rodata.clock_event_handler.str1.1
                0x000000000000a463        0x2 zephyr/drivers/clock_control/libdrivers__clock_control.a(clock_control_nrf.c.obj)
 .rodata.z_nrf_clock_control_lf_on.str1.1
                0x000000000000a463        0x9 zephyr/drivers/clock_control/libdrivers__clock_control.a(clock_control_nrf.c.obj)
 .rodata.str1.1
                0x000000000000a463       0x20 zephyr/drivers/clock_control/libdrivers__clock_control.a(clock_control_nrf.c.obj)
 .rodata.gpio_nrfx_manage_callback.str1.1
                0x000000000000a483       0x6e zephyr/drivers/gpio/libdrivers__gpio.a(gpio_nrfx.c.obj)
                                         0x8b (size before relaxing)
 .rodata.gpio_nrfx_pin_interrupt_configure.str1.1
                0x000000000000a4f1       0x56 zephyr/drivers/gpio/libdrivers__gpio.a(gpio_nrfx.c.obj)
                                         0x58 (size before relaxing)
 .rodata.nrfx_gpio_handler.str1.1
                0x000000000000a547        0xc zephyr/drivers/gpio/libdrivers__gpio.a(gpio_nrfx.c.obj)
 .rodata.str1.1
                0x000000000000a553        0xe zephyr/drivers/gpio/libdrivers__gpio.a(gpio_nrfx.c.obj)
 .rodata.z_log_msg2_runtime_create.constprop.0.str1.1
                0x000000000000a561       0x1f zephyr/drivers/serial/libdrivers__serial.a(uart_nrfx_uarte.c.obj)
 .rodata.str1.1
                0x000000000000a580       0x1e zephyr/drivers/serial/libdrivers__serial.a(uart_nrfx_uarte.c.obj)
 .rodata.nrf_gpio_pin_port_decode.str1.1
                0x000000000000a59e       0x75 zephyr/drivers/pinctrl/libdrivers__pinctrl.a(pinctrl_nrf.c.obj)
 .rodata.z_log_msg2_runtime_create.constprop.0.str1.1
                0x000000000000a59e       0x11 modules/nrf/lib/fatal_error/lib..__nrf__lib__fatal_error.a(fatal_error.c.obj)
 .rodata.str1.1
                0x000000000000a5af        0xc modules/nrf/lib/fatal_error/lib..__nrf__lib__fatal_error.a(fatal_error.c.obj)
 .rodata.CSWTCH.14
                0x000000000000a5bb        0x6 modules/hal_nordic/nrfx/libmodules__hal_nordic__nrfx.a(system_nrf52840.c.obj)
 .rodata.CSWTCH.5
                0x000000000000a5c1        0x6 modules/hal_nordic/nrfx/libmodules__hal_nordic__nrfx.a(system_nrf52840.c.obj)
 .rodata.clock_stop.str1.1
                0x000000000000a5c7       0x71 modules/hal_nordic/nrfx/libmodules__hal_nordic__nrfx.a(nrfx_clock.c.obj)
                                         0x90 (size before relaxing)
 .rodata.nrfx_clock_init.str1.1
                0x000000000000a638        0xe modules/hal_nordic/nrfx/libmodules__hal_nordic__nrfx.a(nrfx_clock.c.obj)
 .rodata.nrfx_clock_enable.str1.1
                0x000000000000a646       0x1e modules/hal_nordic/nrfx/libmodules__hal_nordic__nrfx.a(nrfx_clock.c.obj)
 .rodata.legacy_handler.str1.1